<?xml version="1.0"?>
<link_info>
   <banner>MSP430 Linker Unix v4.4.5</banner>
   <copyright>Copyright (c) 2003-2015 Texas Instruments Incorporated</copyright>
   <link_time>0x5643ec84</link_time>
   <link_errors>0x0</link_errors>
   <output_file>EADAS.out</output_file>
   <entry_point>
      <name>_c_int00_noargs_mpu</name>
      <address>0x4864</address>
   </entry_point>
   <input_file_list>
      <input_file id="fl-2">
         <path>./</path>
         <kind>object</kind>
         <file>LSM9DS0.obj</file>
         <name>LSM9DS0.obj</name>
      </input_file>
      <input_file id="fl-3">
         <path>./</path>
         <kind>object</kind>
         <file>main.obj</file>
         <name>main.obj</name>
      </input_file>
      <input_file id="fl-4">
         <path>./src/</path>
         <kind>object</kind>
         <file>lcd.obj</file>
         <name>lcd.obj</name>
      </input_file>
      <input_file id="fl-3f">
         <path>/home/nisarg/ti/ccsv6/tools/compiler/ti-cgt-msp430_4.4.5/lib/</path>
         <kind>archive</kind>
         <file>rts430x_lc_rd_eabi.lib</file>
         <name>copy_decompress_none.obj</name>
      </input_file>
      <input_file id="fl-40">
         <path>/home/nisarg/ti/ccsv6/tools/compiler/ti-cgt-msp430_4.4.5/lib/</path>
         <kind>archive</kind>
         <file>rts430x_lc_rd_eabi.lib</file>
         <name>copy_decompress_rle.obj</name>
      </input_file>
      <input_file id="fl-41">
         <path>/home/nisarg/ti/ccsv6/tools/compiler/ti-cgt-msp430_4.4.5/lib/</path>
         <kind>archive</kind>
         <file>rts430x_lc_rd_eabi.lib</file>
         <name>int27.obj</name>
      </input_file>
      <input_file id="fl-42">
         <path>/home/nisarg/ti/ccsv6/tools/compiler/ti-cgt-msp430_4.4.5/lib/</path>
         <kind>archive</kind>
         <file>rts430x_lc_rd_eabi.lib</file>
         <name>isr_trap.obj</name>
      </input_file>
      <input_file id="fl-43">
         <path>/home/nisarg/ti/ccsv6/tools/compiler/ti-cgt-msp430_4.4.5/lib/</path>
         <kind>archive</kind>
         <file>rts430x_lc_rd_eabi.lib</file>
         <name>int28.obj</name>
      </input_file>
      <input_file id="fl-44">
         <path>/home/nisarg/ti/ccsv6/tools/compiler/ti-cgt-msp430_4.4.5/lib/</path>
         <kind>archive</kind>
         <file>rts430x_lc_rd_eabi.lib</file>
         <name>int29.obj</name>
      </input_file>
      <input_file id="fl-45">
         <path>/home/nisarg/ti/ccsv6/tools/compiler/ti-cgt-msp430_4.4.5/lib/</path>
         <kind>archive</kind>
         <file>rts430x_lc_rd_eabi.lib</file>
         <name>int30.obj</name>
      </input_file>
      <input_file id="fl-46">
         <path>/home/nisarg/ti/ccsv6/tools/compiler/ti-cgt-msp430_4.4.5/lib/</path>
         <kind>archive</kind>
         <file>rts430x_lc_rd_eabi.lib</file>
         <name>int31.obj</name>
      </input_file>
      <input_file id="fl-47">
         <path>/home/nisarg/ti/ccsv6/tools/compiler/ti-cgt-msp430_4.4.5/lib/</path>
         <kind>archive</kind>
         <file>rts430x_lc_rd_eabi.lib</file>
         <name>int32.obj</name>
      </input_file>
      <input_file id="fl-48">
         <path>/home/nisarg/ti/ccsv6/tools/compiler/ti-cgt-msp430_4.4.5/lib/</path>
         <kind>archive</kind>
         <file>rts430x_lc_rd_eabi.lib</file>
         <name>int33.obj</name>
      </input_file>
      <input_file id="fl-49">
         <path>/home/nisarg/ti/ccsv6/tools/compiler/ti-cgt-msp430_4.4.5/lib/</path>
         <kind>archive</kind>
         <file>rts430x_lc_rd_eabi.lib</file>
         <name>int34.obj</name>
      </input_file>
      <input_file id="fl-4a">
         <path>/home/nisarg/ti/ccsv6/tools/compiler/ti-cgt-msp430_4.4.5/lib/</path>
         <kind>archive</kind>
         <file>rts430x_lc_rd_eabi.lib</file>
         <name>int35.obj</name>
      </input_file>
      <input_file id="fl-4b">
         <path>/home/nisarg/ti/ccsv6/tools/compiler/ti-cgt-msp430_4.4.5/lib/</path>
         <kind>archive</kind>
         <file>rts430x_lc_rd_eabi.lib</file>
         <name>int36.obj</name>
      </input_file>
      <input_file id="fl-4c">
         <path>/home/nisarg/ti/ccsv6/tools/compiler/ti-cgt-msp430_4.4.5/lib/</path>
         <kind>archive</kind>
         <file>rts430x_lc_rd_eabi.lib</file>
         <name>int37.obj</name>
      </input_file>
      <input_file id="fl-4d">
         <path>/home/nisarg/ti/ccsv6/tools/compiler/ti-cgt-msp430_4.4.5/lib/</path>
         <kind>archive</kind>
         <file>rts430x_lc_rd_eabi.lib</file>
         <name>int38.obj</name>
      </input_file>
      <input_file id="fl-4e">
         <path>/home/nisarg/ti/ccsv6/tools/compiler/ti-cgt-msp430_4.4.5/lib/</path>
         <kind>archive</kind>
         <file>rts430x_lc_rd_eabi.lib</file>
         <name>int39.obj</name>
      </input_file>
      <input_file id="fl-4f">
         <path>/home/nisarg/ti/ccsv6/tools/compiler/ti-cgt-msp430_4.4.5/lib/</path>
         <kind>archive</kind>
         <file>rts430x_lc_rd_eabi.lib</file>
         <name>int40.obj</name>
      </input_file>
      <input_file id="fl-50">
         <path>/home/nisarg/ti/ccsv6/tools/compiler/ti-cgt-msp430_4.4.5/lib/</path>
         <kind>archive</kind>
         <file>rts430x_lc_rd_eabi.lib</file>
         <name>int41.obj</name>
      </input_file>
      <input_file id="fl-51">
         <path>/home/nisarg/ti/ccsv6/tools/compiler/ti-cgt-msp430_4.4.5/lib/</path>
         <kind>archive</kind>
         <file>rts430x_lc_rd_eabi.lib</file>
         <name>int42.obj</name>
      </input_file>
      <input_file id="fl-52">
         <path>/home/nisarg/ti/ccsv6/tools/compiler/ti-cgt-msp430_4.4.5/lib/</path>
         <kind>archive</kind>
         <file>rts430x_lc_rd_eabi.lib</file>
         <name>int43.obj</name>
      </input_file>
      <input_file id="fl-53">
         <path>/home/nisarg/ti/ccsv6/tools/compiler/ti-cgt-msp430_4.4.5/lib/</path>
         <kind>archive</kind>
         <file>rts430x_lc_rd_eabi.lib</file>
         <name>int44.obj</name>
      </input_file>
      <input_file id="fl-54">
         <path>/home/nisarg/ti/ccsv6/tools/compiler/ti-cgt-msp430_4.4.5/lib/</path>
         <kind>archive</kind>
         <file>rts430x_lc_rd_eabi.lib</file>
         <name>int45.obj</name>
      </input_file>
      <input_file id="fl-55">
         <path>/home/nisarg/ti/ccsv6/tools/compiler/ti-cgt-msp430_4.4.5/lib/</path>
         <kind>archive</kind>
         <file>rts430x_lc_rd_eabi.lib</file>
         <name>int46.obj</name>
      </input_file>
      <input_file id="fl-56">
         <path>/home/nisarg/ti/ccsv6/tools/compiler/ti-cgt-msp430_4.4.5/lib/</path>
         <kind>archive</kind>
         <file>rts430x_lc_rd_eabi.lib</file>
         <name>int48.obj</name>
      </input_file>
      <input_file id="fl-57">
         <path>/home/nisarg/ti/ccsv6/tools/compiler/ti-cgt-msp430_4.4.5/lib/</path>
         <kind>archive</kind>
         <file>rts430x_lc_rd_eabi.lib</file>
         <name>int49.obj</name>
      </input_file>
      <input_file id="fl-58">
         <path>/home/nisarg/ti/ccsv6/tools/compiler/ti-cgt-msp430_4.4.5/lib/</path>
         <kind>archive</kind>
         <file>rts430x_lc_rd_eabi.lib</file>
         <name>int50.obj</name>
      </input_file>
      <input_file id="fl-59">
         <path>/home/nisarg/ti/ccsv6/tools/compiler/ti-cgt-msp430_4.4.5/lib/</path>
         <kind>archive</kind>
         <file>rts430x_lc_rd_eabi.lib</file>
         <name>int51.obj</name>
      </input_file>
      <input_file id="fl-5a">
         <path>/home/nisarg/ti/ccsv6/tools/compiler/ti-cgt-msp430_4.4.5/lib/</path>
         <kind>archive</kind>
         <file>rts430x_lc_rd_eabi.lib</file>
         <name>int52.obj</name>
      </input_file>
      <input_file id="fl-5b">
         <path>/home/nisarg/ti/ccsv6/tools/compiler/ti-cgt-msp430_4.4.5/lib/</path>
         <kind>archive</kind>
         <file>rts430x_lc_rd_eabi.lib</file>
         <name>int53.obj</name>
      </input_file>
      <input_file id="fl-5c">
         <path>/home/nisarg/ti/ccsv6/tools/compiler/ti-cgt-msp430_4.4.5/lib/</path>
         <kind>archive</kind>
         <file>rts430x_lc_rd_eabi.lib</file>
         <name>int54.obj</name>
      </input_file>
      <input_file id="fl-5d">
         <path>/home/nisarg/ti/ccsv6/tools/compiler/ti-cgt-msp430_4.4.5/lib/</path>
         <kind>archive</kind>
         <file>rts430x_lc_rd_eabi.lib</file>
         <name>copy_zero_init.obj</name>
      </input_file>
      <input_file id="fl-5e">
         <path>/home/nisarg/ti/ccsv6/tools/compiler/ti-cgt-msp430_4.4.5/lib/</path>
         <kind>archive</kind>
         <file>rts430x_lc_rd_eabi.lib</file>
         <name>addd.obj</name>
      </input_file>
      <input_file id="fl-5f">
         <path>/home/nisarg/ti/ccsv6/tools/compiler/ti-cgt-msp430_4.4.5/lib/</path>
         <kind>archive</kind>
         <file>rts430x_lc_rd_eabi.lib</file>
         <name>frcaddd.obj</name>
      </input_file>
      <input_file id="fl-60">
         <path>/home/nisarg/ti/ccsv6/tools/compiler/ti-cgt-msp430_4.4.5/lib/</path>
         <kind>archive</kind>
         <file>rts430x_lc_rd_eabi.lib</file>
         <name>renormd.obj</name>
      </input_file>
      <input_file id="fl-61">
         <path>/home/nisarg/ti/ccsv6/tools/compiler/ti-cgt-msp430_4.4.5/lib/</path>
         <kind>archive</kind>
         <file>rts430x_lc_rd_eabi.lib</file>
         <name>cmpd.obj</name>
      </input_file>
      <input_file id="fl-62">
         <path>/home/nisarg/ti/ccsv6/tools/compiler/ti-cgt-msp430_4.4.5/lib/</path>
         <kind>archive</kind>
         <file>rts430x_lc_rd_eabi.lib</file>
         <name>cvtdf.obj</name>
      </input_file>
      <input_file id="fl-63">
         <path>/home/nisarg/ti/ccsv6/tools/compiler/ti-cgt-msp430_4.4.5/lib/</path>
         <kind>archive</kind>
         <file>rts430x_lc_rd_eabi.lib</file>
         <name>cvtfd.obj</name>
      </input_file>
      <input_file id="fl-64">
         <path>/home/nisarg/ti/ccsv6/tools/compiler/ti-cgt-msp430_4.4.5/lib/</path>
         <kind>archive</kind>
         <file>rts430x_lc_rd_eabi.lib</file>
         <name>divd.obj</name>
      </input_file>
      <input_file id="fl-65">
         <path>/home/nisarg/ti/ccsv6/tools/compiler/ti-cgt-msp430_4.4.5/lib/</path>
         <kind>archive</kind>
         <file>rts430x_lc_rd_eabi.lib</file>
         <name>frcdivd.obj</name>
      </input_file>
      <input_file id="fl-66">
         <path>/home/nisarg/ti/ccsv6/tools/compiler/ti-cgt-msp430_4.4.5/lib/</path>
         <kind>archive</kind>
         <file>rts430x_lc_rd_eabi.lib</file>
         <name>div32u.obj</name>
      </input_file>
      <input_file id="fl-67">
         <path>/home/nisarg/ti/ccsv6/tools/compiler/ti-cgt-msp430_4.4.5/lib/</path>
         <kind>archive</kind>
         <file>rts430x_lc_rd_eabi.lib</file>
         <name>fs_itof.obj</name>
      </input_file>
      <input_file id="fl-68">
         <path>/home/nisarg/ti/ccsv6/tools/compiler/ti-cgt-msp430_4.4.5/lib/</path>
         <kind>archive</kind>
         <file>rts430x_lc_rd_eabi.lib</file>
         <name>fs_utof.obj</name>
      </input_file>
      <input_file id="fl-69">
         <path>/home/nisarg/ti/ccsv6/tools/compiler/ti-cgt-msp430_4.4.5/lib/</path>
         <kind>archive</kind>
         <file>rts430x_lc_rd_eabi.lib</file>
         <name>mpyd.obj</name>
      </input_file>
      <input_file id="fl-6a">
         <path>/home/nisarg/ti/ccsv6/tools/compiler/ti-cgt-msp430_4.4.5/lib/</path>
         <kind>archive</kind>
         <file>rts430x_lc_rd_eabi.lib</file>
         <name>frcmpyd.obj</name>
      </input_file>
      <input_file id="fl-6b">
         <path>/home/nisarg/ti/ccsv6/tools/compiler/ti-cgt-msp430_4.4.5/lib/</path>
         <kind>archive</kind>
         <file>rts430x_lc_rd_eabi.lib</file>
         <name>fs_mpy.obj</name>
      </input_file>
      <input_file id="fl-6c">
         <path>/home/nisarg/ti/ccsv6/tools/compiler/ti-cgt-msp430_4.4.5/lib/</path>
         <kind>archive</kind>
         <file>rts430x_lc_rd_eabi.lib</file>
         <name>mult16.obj</name>
      </input_file>
      <input_file id="fl-6d">
         <path>/home/nisarg/ti/ccsv6/tools/compiler/ti-cgt-msp430_4.4.5/lib/</path>
         <kind>archive</kind>
         <file>rts430x_lc_rd_eabi.lib</file>
         <name>mult16_f5hw.obj</name>
      </input_file>
      <input_file id="fl-6e">
         <path>/home/nisarg/ti/ccsv6/tools/compiler/ti-cgt-msp430_4.4.5/lib/</path>
         <kind>archive</kind>
         <file>rts430x_lc_rd_eabi.lib</file>
         <name>mult32.obj</name>
      </input_file>
      <input_file id="fl-6f">
         <path>/home/nisarg/ti/ccsv6/tools/compiler/ti-cgt-msp430_4.4.5/lib/</path>
         <kind>archive</kind>
         <file>rts430x_lc_rd_eabi.lib</file>
         <name>mult32_f5hw.obj</name>
      </input_file>
      <input_file id="fl-70">
         <path>/home/nisarg/ti/ccsv6/tools/compiler/ti-cgt-msp430_4.4.5/lib/</path>
         <kind>archive</kind>
         <file>rts430x_lc_rd_eabi.lib</file>
         <name>mult64_f5hw.obj</name>
      </input_file>
      <input_file id="fl-71">
         <path>/home/nisarg/ti/ccsv6/tools/compiler/ti-cgt-msp430_4.4.5/lib/</path>
         <kind>archive</kind>
         <file>rts430x_lc_rd_eabi.lib</file>
         <name>mult1632_f5hw.obj</name>
      </input_file>
      <input_file id="fl-72">
         <path>/home/nisarg/ti/ccsv6/tools/compiler/ti-cgt-msp430_4.4.5/lib/</path>
         <kind>archive</kind>
         <file>rts430x_lc_rd_eabi.lib</file>
         <name>mult3264_f5hw.obj</name>
      </input_file>
      <input_file id="fl-73">
         <path>/home/nisarg/ti/ccsv6/tools/compiler/ti-cgt-msp430_4.4.5/lib/</path>
         <kind>archive</kind>
         <file>rts430x_lc_rd_eabi.lib</file>
         <name>lsl32.obj</name>
      </input_file>
      <input_file id="fl-74">
         <path>/home/nisarg/ti/ccsv6/tools/compiler/ti-cgt-msp430_4.4.5/lib/</path>
         <kind>archive</kind>
         <file>rts430x_lc_rd_eabi.lib</file>
         <name>asr32.obj</name>
      </input_file>
      <input_file id="fl-75">
         <path>/home/nisarg/ti/ccsv6/tools/compiler/ti-cgt-msp430_4.4.5/lib/</path>
         <kind>archive</kind>
         <file>rts430x_lc_rd_eabi.lib</file>
         <name>lsr32.obj</name>
      </input_file>
      <input_file id="fl-76">
         <path>/home/nisarg/ti/ccsv6/tools/compiler/ti-cgt-msp430_4.4.5/lib/</path>
         <kind>archive</kind>
         <file>rts430x_lc_rd_eabi.lib</file>
         <name>boot.obj</name>
      </input_file>
      <input_file id="fl-77">
         <path>/home/nisarg/ti/ccsv6/tools/compiler/ti-cgt-msp430_4.4.5/lib/</path>
         <kind>archive</kind>
         <file>rts430x_lc_rd_eabi.lib</file>
         <name>args_main.obj</name>
      </input_file>
      <input_file id="fl-78">
         <path>/home/nisarg/ti/ccsv6/tools/compiler/ti-cgt-msp430_4.4.5/lib/</path>
         <kind>archive</kind>
         <file>rts430x_lc_rd_eabi.lib</file>
         <name>autoinit_wdt.obj</name>
      </input_file>
      <input_file id="fl-79">
         <path>/home/nisarg/ti/ccsv6/tools/compiler/ti-cgt-msp430_4.4.5/lib/</path>
         <kind>archive</kind>
         <file>rts430x_lc_rd_eabi.lib</file>
         <name>boot_special.obj</name>
      </input_file>
      <input_file id="fl-7a">
         <path>/home/nisarg/ti/ccsv6/ccs_base/msp430/lib/FR59xx/</path>
         <kind>archive</kind>
         <file>MSPMPU_INIT_LIB_CCS_msp430_large_code_restricted_data.lib</file>
         <name>mpu_init.o</name>
      </input_file>
      <input_file id="fl-7b">
         <path>/home/nisarg/ti/ccsv6/tools/compiler/ti-cgt-msp430_4.4.5/lib/</path>
         <kind>archive</kind>
         <file>rts430x_lc_rd_eabi.lib</file>
         <name>pre_init.obj</name>
      </input_file>
      <input_file id="fl-7c">
         <path>/home/nisarg/ti/ccsv6/tools/compiler/ti-cgt-msp430_4.4.5/lib/</path>
         <kind>archive</kind>
         <file>rts430x_lc_rd_eabi.lib</file>
         <name>exit.obj</name>
      </input_file>
      <input_file id="fl-7d">
         <path>/home/nisarg/ti/ccsv6/tools/compiler/ti-cgt-msp430_4.4.5/lib/</path>
         <kind>archive</kind>
         <file>rts430x_lc_rd_eabi.lib</file>
         <name>exit_gvars.obj</name>
      </input_file>
      <input_file id="fl-7e">
         <path>/home/nisarg/ti/ccsv6/tools/compiler/ti-cgt-msp430_4.4.5/lib/</path>
         <kind>archive</kind>
         <file>rts430x_lc_rd_eabi.lib</file>
         <name>_lock.obj</name>
      </input_file>
      <input_file id="fl-7f">
         <path>/home/nisarg/ti/ccsv6/tools/compiler/ti-cgt-msp430_4.4.5/lib/</path>
         <kind>archive</kind>
         <file>rts430x_lc_rd_eabi.lib</file>
         <name>memcpy.obj</name>
      </input_file>
      <input_file id="fl-80">
         <path>/home/nisarg/ti/ccsv6/tools/compiler/ti-cgt-msp430_4.4.5/lib/</path>
         <kind>archive</kind>
         <file>rts430x_lc_rd_eabi.lib</file>
         <name>printf.obj</name>
      </input_file>
      <input_file id="fl-81">
         <path>/home/nisarg/ti/ccsv6/tools/compiler/ti-cgt-msp430_4.4.5/lib/</path>
         <kind>archive</kind>
         <file>rts430x_lc_rd_eabi.lib</file>
         <name>_printfi_min.obj</name>
      </input_file>
      <input_file id="fl-82">
         <path>/home/nisarg/ti/ccsv6/tools/compiler/ti-cgt-msp430_4.4.5/lib/</path>
         <kind>archive</kind>
         <file>rts430x_lc_rd_eabi.lib</file>
         <name>div16u.obj</name>
      </input_file>
      <input_file id="fl-83">
         <path>/home/nisarg/ti/ccsv6/tools/compiler/ti-cgt-msp430_4.4.5/lib/</path>
         <kind>archive</kind>
         <file>rts430x_lc_rd_eabi.lib</file>
         <name>defs.obj</name>
      </input_file>
      <input_file id="fl-84">
         <path>/home/nisarg/ti/ccsv6/tools/compiler/ti-cgt-msp430_4.4.5/lib/</path>
         <kind>archive</kind>
         <file>rts430x_lc_rd_eabi.lib</file>
         <name>fputc.obj</name>
      </input_file>
      <input_file id="fl-85">
         <path>/home/nisarg/ti/ccsv6/tools/compiler/ti-cgt-msp430_4.4.5/lib/</path>
         <kind>archive</kind>
         <file>rts430x_lc_rd_eabi.lib</file>
         <name>fflush.obj</name>
      </input_file>
      <input_file id="fl-86">
         <path>/home/nisarg/ti/ccsv6/tools/compiler/ti-cgt-msp430_4.4.5/lib/</path>
         <kind>archive</kind>
         <file>rts430x_lc_rd_eabi.lib</file>
         <name>_io_perm.obj</name>
      </input_file>
      <input_file id="fl-87">
         <path>/home/nisarg/ti/ccsv6/tools/compiler/ti-cgt-msp430_4.4.5/lib/</path>
         <kind>archive</kind>
         <file>rts430x_lc_rd_eabi.lib</file>
         <name>fputs.obj</name>
      </input_file>
      <input_file id="fl-88">
         <path>/home/nisarg/ti/ccsv6/tools/compiler/ti-cgt-msp430_4.4.5/lib/</path>
         <kind>archive</kind>
         <file>rts430x_lc_rd_eabi.lib</file>
         <name>fseek.obj</name>
      </input_file>
      <input_file id="fl-89">
         <path>/home/nisarg/ti/ccsv6/tools/compiler/ti-cgt-msp430_4.4.5/lib/</path>
         <kind>archive</kind>
         <file>rts430x_lc_rd_eabi.lib</file>
         <name>lowlev.obj</name>
      </input_file>
      <input_file id="fl-8a">
         <path>/home/nisarg/ti/ccsv6/tools/compiler/ti-cgt-msp430_4.4.5/lib/</path>
         <kind>archive</kind>
         <file>rts430x_lc_rd_eabi.lib</file>
         <name>trgdrv.obj</name>
      </input_file>
      <input_file id="fl-8b">
         <path>/home/nisarg/ti/ccsv6/tools/compiler/ti-cgt-msp430_4.4.5/lib/</path>
         <kind>archive</kind>
         <file>rts430x_lc_rd_eabi.lib</file>
         <name>trgmsg.obj</name>
      </input_file>
      <input_file id="fl-8c">
         <path>/home/nisarg/ti/ccsv6/tools/compiler/ti-cgt-msp430_4.4.5/lib/</path>
         <kind>archive</kind>
         <file>rts430x_lc_rd_eabi.lib</file>
         <name>div16s.obj</name>
      </input_file>
      <input_file id="fl-8d">
         <path>/home/nisarg/ti/ccsv6/tools/compiler/ti-cgt-msp430_4.4.5/lib/</path>
         <kind>archive</kind>
         <file>rts430x_lc_rd_eabi.lib</file>
         <name>memccpy.obj</name>
      </input_file>
      <input_file id="fl-8e">
         <path>/home/nisarg/ti/ccsv6/tools/compiler/ti-cgt-msp430_4.4.5/lib/</path>
         <kind>archive</kind>
         <file>rts430x_lc_rd_eabi.lib</file>
         <name>memchr.obj</name>
      </input_file>
      <input_file id="fl-8f">
         <path>/home/nisarg/ti/ccsv6/tools/compiler/ti-cgt-msp430_4.4.5/lib/</path>
         <kind>archive</kind>
         <file>rts430x_lc_rd_eabi.lib</file>
         <name>memset.obj</name>
      </input_file>
      <input_file id="fl-90">
         <path>/home/nisarg/ti/ccsv6/tools/compiler/ti-cgt-msp430_4.4.5/lib/</path>
         <kind>archive</kind>
         <file>rts430x_lc_rd_eabi.lib</file>
         <name>setvbuf.obj</name>
      </input_file>
      <input_file id="fl-91">
         <path>/home/nisarg/ti/ccsv6/tools/compiler/ti-cgt-msp430_4.4.5/lib/</path>
         <kind>archive</kind>
         <file>rts430x_lc_rd_eabi.lib</file>
         <name>fopen.obj</name>
      </input_file>
      <input_file id="fl-92">
         <path>/home/nisarg/ti/ccsv6/tools/compiler/ti-cgt-msp430_4.4.5/lib/</path>
         <kind>archive</kind>
         <file>rts430x_lc_rd_eabi.lib</file>
         <name>fclose.obj</name>
      </input_file>
      <input_file id="fl-93">
         <path>/home/nisarg/ti/ccsv6/tools/compiler/ti-cgt-msp430_4.4.5/lib/</path>
         <kind>archive</kind>
         <file>rts430x_lc_rd_eabi.lib</file>
         <name>memory.obj</name>
      </input_file>
      <input_file id="fl-94">
         <path>/home/nisarg/ti/ccsv6/tools/compiler/ti-cgt-msp430_4.4.5/lib/</path>
         <kind>archive</kind>
         <file>rts430x_lc_rd_eabi.lib</file>
         <name>remove.obj</name>
      </input_file>
      <input_file id="fl-95">
         <path>/home/nisarg/ti/ccsv6/tools/compiler/ti-cgt-msp430_4.4.5/lib/</path>
         <kind>archive</kind>
         <file>rts430x_lc_rd_eabi.lib</file>
         <name>strchr.obj</name>
      </input_file>
      <input_file id="fl-96">
         <path>/home/nisarg/ti/ccsv6/tools/compiler/ti-cgt-msp430_4.4.5/lib/</path>
         <kind>archive</kind>
         <file>rts430x_lc_rd_eabi.lib</file>
         <name>strcmp.obj</name>
      </input_file>
      <input_file id="fl-97">
         <path>/home/nisarg/ti/ccsv6/tools/compiler/ti-cgt-msp430_4.4.5/lib/</path>
         <kind>archive</kind>
         <file>rts430x_lc_rd_eabi.lib</file>
         <name>strcpy.obj</name>
      </input_file>
      <input_file id="fl-98">
         <path>/home/nisarg/ti/ccsv6/tools/compiler/ti-cgt-msp430_4.4.5/lib/</path>
         <kind>archive</kind>
         <file>rts430x_lc_rd_eabi.lib</file>
         <name>strlen.obj</name>
      </input_file>
      <input_file id="fl-99">
         <path>/home/nisarg/ti/ccsv6/tools/compiler/ti-cgt-msp430_4.4.5/lib/</path>
         <kind>archive</kind>
         <file>rts430x_lc_rd_eabi.lib</file>
         <name>strncpy.obj</name>
      </input_file>
      <input_file id="fl-9a">
         <path>/home/nisarg/ti/ccsv6/tools/compiler/ti-cgt-msp430_4.4.5/lib/</path>
         <kind>archive</kind>
         <file>rts430x_lc_rd_eabi.lib</file>
         <name>toupper.obj</name>
      </input_file>
      <input_file id="fl-9b">
         <path>/home/nisarg/ti/ccsv6/tools/compiler/ti-cgt-msp430_4.4.5/lib/</path>
         <kind>archive</kind>
         <file>rts430x_lc_rd_eabi.lib</file>
         <name>ctype.obj</name>
      </input_file>
   </input_file_list>
   <object_component_list>
      <object_component id="oc-507">
         <name>.cio</name>
         <uninitialized>true</uninitialized>
         <run_address>0x4400</run_address>
         <size>0x120</size>
         <input_file_ref idref="fl-8b"/>
      </object_component>
      <object_component id="oc-e4">
         <name>.sysmem</name>
         <uninitialized>true</uninitialized>
         <run_address>0x4520</run_address>
         <size>0x6</size>
         <input_file_ref idref="fl-93"/>
      </object_component>
      <object_component id="oc-5a5">
         <name>.sysmem</name>
         <uninitialized>true</uninitialized>
         <run_address>0x4520</run_address>
         <size>0x0</size>
      </object_component>
      <object_component id="oc-5a3">
         <name>.cinit..data.load</name>
         <load_address>0x4af8</load_address>
         <run_address>0x4af8</run_address>
         <size>0x58</size>
      </object_component>
      <object_component id="oc-59f">
         <name>__TI_handler_table</name>
         <load_address>0x4b50</load_address>
         <run_address>0x4b50</run_address>
         <size>0xc</size>
      </object_component>
      <object_component id="oc-5a2">
         <name>.cinit..bss.load</name>
         <load_address>0x4b5c</load_address>
         <run_address>0x4b5c</run_address>
         <size>0x6</size>
      </object_component>
      <object_component id="oc-5a1">
         <name>.cinit..cio.load</name>
         <load_address>0x4b62</load_address>
         <run_address>0x4b62</run_address>
         <size>0x6</size>
      </object_component>
      <object_component id="oc-5a0">
         <name>__TI_cinit_table</name>
         <load_address>0x4b68</load_address>
         <run_address>0x4b68</run_address>
         <size>0x18</size>
      </object_component>
      <object_component id="oc-280">
         <name>.const:.string:_ctypes_</name>
         <load_address>0x488a</load_address>
         <run_address>0x488a</run_address>
         <size>0x101</size>
         <input_file_ref idref="fl-9b"/>
      </object_component>
      <object_component id="oc-216">
         <name>.const:lcdSeg</name>
         <load_address>0x498c</load_address>
         <run_address>0x498c</run_address>
         <size>0xec</size>
         <input_file_ref idref="fl-4"/>
      </object_component>
      <object_component id="oc-19b">
         <name>.const:.string</name>
         <load_address>0x4a78</load_address>
         <run_address>0x4a78</run_address>
         <size>0x5c</size>
         <input_file_ref idref="fl-3"/>
      </object_component>
      <object_component id="oc-386">
         <name>.const:.string</name>
         <load_address>0x4ad4</load_address>
         <run_address>0x4ad4</run_address>
         <size>0x14</size>
         <input_file_ref idref="fl-81"/>
      </object_component>
      <object_component id="oc-256">
         <name>.const:.string</name>
         <load_address>0x4ae8</load_address>
         <run_address>0x4ae8</run_address>
         <size>0x10</size>
         <input_file_ref idref="fl-2"/>
      </object_component>
      <object_component id="oc-106">
         <name>.text:_isr:USCI_A0_ISR</name>
         <load_address>0x4800</load_address>
         <run_address>0x4800</run_address>
         <size>0x64</size>
         <input_file_ref idref="fl-3"/>
      </object_component>
      <object_component id="oc-b6">
         <name>.text:_isr:_c_int00_noargs_mpu</name>
         <load_address>0x4864</load_address>
         <run_address>0x4864</run_address>
         <size>0x20</size>
         <input_file_ref idref="fl-79"/>
      </object_component>
      <object_component id="oc-101">
         <name>.text:_isr:__TI_ISR_TRAP</name>
         <load_address>0x4884</load_address>
         <run_address>0x4884</run_address>
         <size>0x6</size>
         <input_file_ref idref="fl-42"/>
      </object_component>
      <object_component id="oc-3a1">
         <name>.text:__TI_frcdivd</name>
         <load_address>0x10000</load_address>
         <run_address>0x10000</run_address>
         <size>0x452</size>
         <input_file_ref idref="fl-65"/>
      </object_component>
      <object_component id="oc-3b8">
         <name>.text:__TI_frcmpyd</name>
         <load_address>0x10452</load_address>
         <run_address>0x10452</run_address>
         <size>0x2e4</size>
         <input_file_ref idref="fl-6a"/>
      </object_component>
      <object_component id="oc-342">
         <name>.text:__mspabi_addd</name>
         <load_address>0x10736</load_address>
         <run_address>0x10736</run_address>
         <size>0x2d8</size>
         <input_file_ref idref="fl-5e"/>
      </object_component>
      <object_component id="oc-348">
         <name>.text:__mspabi_mpyd</name>
         <load_address>0x10a0e</load_address>
         <run_address>0x10a0e</run_address>
         <size>0x282</size>
         <input_file_ref idref="fl-69"/>
      </object_component>
      <object_component id="oc-3b0">
         <name>.text:__TI_frcaddd</name>
         <load_address>0x10c90</load_address>
         <run_address>0x10c90</run_address>
         <size>0x252</size>
         <input_file_ref idref="fl-5f"/>
      </object_component>
      <object_component id="oc-334">
         <name>.text:__mspabi_divd</name>
         <load_address>0x10ee2</load_address>
         <run_address>0x10ee2</run_address>
         <size>0x222</size>
         <input_file_ref idref="fl-64"/>
      </object_component>
      <object_component id="oc-19c">
         <name>.text:lcdPrint</name>
         <load_address>0x11104</load_address>
         <run_address>0x11104</run_address>
         <size>0x162</size>
         <input_file_ref idref="fl-4"/>
      </object_component>
      <object_component id="oc-2f4">
         <name>.text:_setfield</name>
         <load_address>0x11266</load_address>
         <run_address>0x11266</run_address>
         <size>0x132</size>
         <input_file_ref idref="fl-81"/>
      </object_component>
      <object_component id="oc-133">
         <name>.text:main</name>
         <load_address>0x11398</load_address>
         <run_address>0x11398</run_address>
         <size>0x114</size>
         <input_file_ref idref="fl-3"/>
      </object_component>
      <object_component id="oc-2e0">
         <name>.text:fputs</name>
         <load_address>0x114ac</load_address>
         <run_address>0x114ac</run_address>
         <size>0xf0</size>
         <input_file_ref idref="fl-87"/>
      </object_component>
      <object_component id="oc-3c7">
         <name>.text:setvbuf</name>
         <load_address>0x1159c</load_address>
         <run_address>0x1159c</run_address>
         <size>0xe0</size>
         <input_file_ref idref="fl-90"/>
      </object_component>
      <object_component id="oc-250">
         <name>.text:__mspabi_cmpd</name>
         <load_address>0x1167c</load_address>
         <run_address>0x1167c</run_address>
         <size>0xd8</size>
         <input_file_ref idref="fl-61"/>
      </object_component>
      <object_component id="oc-241">
         <name>.text:__TI_printfi_minimal</name>
         <load_address>0x11754</load_address>
         <run_address>0x11754</run_address>
         <size>0xd2</size>
         <input_file_ref idref="fl-81"/>
      </object_component>
      <object_component id="oc-1b4">
         <name>.text:readGyro</name>
         <load_address>0x11826</load_address>
         <run_address>0x11826</run_address>
         <size>0xca</size>
         <input_file_ref idref="fl-2"/>
      </object_component>
      <object_component id="oc-435">
         <name>.text:malloc</name>
         <load_address>0x118f0</load_address>
         <run_address>0x118f0</run_address>
         <size>0xba</size>
         <input_file_ref idref="fl-93"/>
      </object_component>
      <object_component id="oc-262">
         <name>.text</name>
         <load_address>0x119aa</load_address>
         <run_address>0x119aa</run_address>
         <size>0xb6</size>
         <input_file_ref idref="fl-6b"/>
      </object_component>
      <object_component id="oc-419">
         <name>.text:__TI_renormd</name>
         <load_address>0x11a60</load_address>
         <run_address>0x11a60</run_address>
         <size>0xb2</size>
         <input_file_ref idref="fl-60"/>
      </object_component>
      <object_component id="oc-24a">
         <name>.text:readBytes</name>
         <load_address>0x11b12</load_address>
         <run_address>0x11b12</run_address>
         <size>0xa2</size>
         <input_file_ref idref="fl-2"/>
      </object_component>
      <object_component id="oc-4ac">
         <name>.text:HOSTlseek</name>
         <load_address>0x11bb4</load_address>
         <run_address>0x11bb4</run_address>
         <size>0x9e</size>
         <input_file_ref idref="fl-8a"/>
      </object_component>
      <object_component id="oc-226">
         <name>.text:lsm9ds0_begin</name>
         <load_address>0x11c52</load_address>
         <run_address>0x11c52</run_address>
         <size>0x98</size>
         <input_file_ref idref="fl-2"/>
      </object_component>
      <object_component id="oc-203">
         <name>.text:lcdIOInit</name>
         <load_address>0x11cea</load_address>
         <run_address>0x11cea</run_address>
         <size>0x92</size>
         <input_file_ref idref="fl-4"/>
      </object_component>
      <object_component id="oc-2e7">
         <name>.text:fputc</name>
         <load_address>0x11d7c</load_address>
         <run_address>0x11d7c</run_address>
         <size>0x90</size>
         <input_file_ref idref="fl-84"/>
      </object_component>
      <object_component id="oc-42f">
         <name>.text:free</name>
         <load_address>0x11e0c</load_address>
         <run_address>0x11e0c</run_address>
         <size>0x8e</size>
         <input_file_ref idref="fl-93"/>
      </object_component>
      <object_component id="oc-33a">
         <name>.text:__mspabi_cvtdf</name>
         <load_address>0x11e9a</load_address>
         <run_address>0x11e9a</run_address>
         <size>0x8c</size>
         <input_file_ref idref="fl-62"/>
      </object_component>
      <object_component id="oc-362">
         <name>.text:__TI_wrt_ok</name>
         <load_address>0x11f26</load_address>
         <run_address>0x11f26</run_address>
         <size>0x7e</size>
         <input_file_ref idref="fl-86"/>
      </object_component>
      <object_component id="oc-4b8">
         <name>.text:HOSTrename</name>
         <load_address>0x11fa4</load_address>
         <run_address>0x11fa4</run_address>
         <size>0x74</size>
         <input_file_ref idref="fl-8a"/>
      </object_component>
      <object_component id="oc-299">
         <name>.text:calcaRes</name>
         <load_address>0x12018</load_address>
         <run_address>0x12018</run_address>
         <size>0x72</size>
         <input_file_ref idref="fl-2"/>
      </object_component>
      <object_component id="oc-488">
         <name>.text:__TI_closefile</name>
         <load_address>0x1208a</load_address>
         <run_address>0x1208a</run_address>
         <size>0x70</size>
         <input_file_ref idref="fl-92"/>
      </object_component>
      <object_component id="oc-494">
         <name>.text:HOSTopen</name>
         <load_address>0x120fa</load_address>
         <run_address>0x120fa</run_address>
         <size>0x6e</size>
         <input_file_ref idref="fl-8a"/>
      </object_component>
      <object_component id="oc-119">
         <name>.text:_auto_init_hold_wdt</name>
         <load_address>0x12168</load_address>
         <run_address>0x12168</run_address>
         <size>0x6c</size>
         <input_file_ref idref="fl-78"/>
      </object_component>
      <object_component id="oc-4a6">
         <name>.text:HOSTwrite</name>
         <load_address>0x121d4</load_address>
         <run_address>0x121d4</run_address>
         <size>0x6a</size>
         <input_file_ref idref="fl-8a"/>
      </object_component>
      <object_component id="oc-3c1">
         <name>.text:fseek</name>
         <load_address>0x1223e</load_address>
         <run_address>0x1223e</run_address>
         <size>0x6a</size>
         <input_file_ref idref="fl-88"/>
      </object_component>
      <object_component id="oc-183">
         <name>.text:initialize_clock</name>
         <load_address>0x122a8</load_address>
         <run_address>0x122a8</run_address>
         <size>0x6a</size>
         <input_file_ref idref="fl-3"/>
      </object_component>
      <object_component id="oc-4a0">
         <name>.text:HOSTread</name>
         <load_address>0x12312</load_address>
         <run_address>0x12312</run_address>
         <size>0x68</size>
         <input_file_ref idref="fl-8a"/>
      </object_component>
      <object_component id="oc-f4">
         <name>.text:__TI_decompress_rle_core</name>
         <load_address>0x1237a</load_address>
         <run_address>0x1237a</run_address>
         <size>0x68</size>
         <input_file_ref idref="fl-40"/>
      </object_component>
      <object_component id="oc-36e">
         <name>.text:__TI_doflush</name>
         <load_address>0x123e2</load_address>
         <run_address>0x123e2</run_address>
         <size>0x64</size>
         <input_file_ref idref="fl-85"/>
      </object_component>
      <object_component id="oc-1c5">
         <name>.text:__mspabi_cvtfd</name>
         <load_address>0x12446</load_address>
         <run_address>0x12446</run_address>
         <size>0x64</size>
         <input_file_ref idref="fl-63"/>
      </object_component>
      <object_component id="oc-351">
         <name>.text:writeByte</name>
         <load_address>0x124aa</load_address>
         <run_address>0x124aa</run_address>
         <size>0x5c</size>
         <input_file_ref idref="fl-2"/>
      </object_component>
      <object_component id="oc-3eb">
         <name>.text:_ltostr</name>
         <load_address>0x12506</load_address>
         <run_address>0x12506</run_address>
         <size>0x5a</size>
         <input_file_ref idref="fl-81"/>
      </object_component>
      <object_component id="oc-4cd">
         <name>.text:close</name>
         <load_address>0x12560</load_address>
         <run_address>0x12560</run_address>
         <size>0x5a</size>
         <input_file_ref idref="fl-89"/>
      </object_component>
      <object_component id="oc-4fc">
         <name>.text:getdevice</name>
         <load_address>0x125ba</load_address>
         <run_address>0x125ba</run_address>
         <size>0x5a</size>
         <input_file_ref idref="fl-89"/>
      </object_component>
      <object_component id="oc-1a2">
         <name>.text:begin</name>
         <load_address>0x12614</load_address>
         <run_address>0x12614</run_address>
         <size>0x54</size>
         <input_file_ref idref="fl-3"/>
      </object_component>
      <object_component id="oc-49a">
         <name>.text:HOSTclose</name>
         <load_address>0x12668</load_address>
         <run_address>0x12668</run_address>
         <size>0x4c</size>
         <input_file_ref idref="fl-8a"/>
      </object_component>
      <object_component id="oc-387">
         <name>.text:_pproc_diouxp</name>
         <load_address>0x126b4</load_address>
         <run_address>0x126b4</run_address>
         <size>0x4c</size>
         <input_file_ref idref="fl-81"/>
      </object_component>
      <object_component id="oc-1a8">
         <name>.text:printf</name>
         <load_address>0x12700</load_address>
         <run_address>0x12700</run_address>
         <size>0x4a</size>
         <input_file_ref idref="fl-80"/>
      </object_component>
      <object_component id="oc-2fa">
         <name>.text:_pproc_str</name>
         <load_address>0x1274a</load_address>
         <run_address>0x1274a</run_address>
         <size>0x48</size>
         <input_file_ref idref="fl-81"/>
      </object_component>
      <object_component id="oc-293">
         <name>.text:calcmRes</name>
         <load_address>0x12792</load_address>
         <run_address>0x12792</run_address>
         <size>0x48</size>
         <input_file_ref idref="fl-2"/>
      </object_component>
      <object_component id="oc-4b2">
         <name>.text:HOSTunlink</name>
         <load_address>0x127da</load_address>
         <run_address>0x127da</run_address>
         <size>0x46</size>
         <input_file_ref idref="fl-8a"/>
      </object_component>
      <object_component id="oc-481">
         <name>.text:minit</name>
         <load_address>0x12820</load_address>
         <run_address>0x12820</run_address>
         <size>0x42</size>
         <input_file_ref idref="fl-93"/>
      </object_component>
      <object_component id="oc-2a5">
         <name>.text:initGyro</name>
         <load_address>0x12862</load_address>
         <run_address>0x12862</run_address>
         <size>0x40</size>
         <input_file_ref idref="fl-2"/>
      </object_component>
      <object_component id="oc-2c9">
         <name>.text:initMag</name>
         <load_address>0x128a2</load_address>
         <run_address>0x128a2</run_address>
         <size>0x40</size>
         <input_file_ref idref="fl-2"/>
      </object_component>
      <object_component id="oc-3e5">
         <name>.text:_getarg_diouxp</name>
         <load_address>0x128e2</load_address>
         <run_address>0x128e2</run_address>
         <size>0x3e</size>
         <input_file_ref idref="fl-81"/>
      </object_component>
      <object_component id="oc-268">
         <name>.text:l_asr_const</name>
         <load_address>0x12920</load_address>
         <run_address>0x12920</run_address>
         <size>0x3e</size>
         <input_file_ref idref="fl-74"/>
      </object_component>
      <object_component id="oc-3a9">
         <name>.text:l_lsl_const</name>
         <load_address>0x1295e</load_address>
         <run_address>0x1295e</run_address>
         <size>0x3e</size>
         <input_file_ref idref="fl-73"/>
      </object_component>
      <object_component id="oc-3f9">
         <name>.text:l_lsr_const</name>
         <load_address>0x1299c</load_address>
         <run_address>0x1299c</run_address>
         <size>0x3e</size>
         <input_file_ref idref="fl-75"/>
      </object_component>
      <object_component id="oc-427">
         <name>.text:lseek</name>
         <load_address>0x129da</load_address>
         <run_address>0x129da</run_address>
         <size>0x3e</size>
         <input_file_ref idref="fl-89"/>
      </object_component>
      <object_component id="oc-2c3">
         <name>.text:setAccelScale</name>
         <load_address>0x12a18</load_address>
         <run_address>0x12a18</run_address>
         <size>0x3e</size>
         <input_file_ref idref="fl-2"/>
      </object_component>
      <object_component id="oc-2b1">
         <name>.text:setGyroScale</name>
         <load_address>0x12a56</load_address>
         <run_address>0x12a56</run_address>
         <size>0x3e</size>
         <input_file_ref idref="fl-2"/>
      </object_component>
      <object_component id="oc-2d5">
         <name>.text:setMagScale</name>
         <load_address>0x12a94</load_address>
         <run_address>0x12a94</run_address>
         <size>0x3e</size>
         <input_file_ref idref="fl-2"/>
      </object_component>
      <object_component id="oc-374">
         <name>.text:write</name>
         <load_address>0x12ad2</load_address>
         <run_address>0x12ad2</run_address>
         <size>0x3c</size>
         <input_file_ref idref="fl-89"/>
      </object_component>
      <object_component id="oc-28d">
         <name>.text:calcgRes</name>
         <load_address>0x12b0e</load_address>
         <run_address>0x12b0e</run_address>
         <size>0x3a</size>
         <input_file_ref idref="fl-2"/>
      </object_component>
      <object_component id="oc-43b">
         <name>.text:__TI_cleanup</name>
         <load_address>0x12b48</load_address>
         <run_address>0x12b48</run_address>
         <size>0x36</size>
         <input_file_ref idref="fl-91"/>
      </object_component>
      <object_component id="oc-4e1">
         <name>.text:__TI_writemsg</name>
         <load_address>0x12b7e</load_address>
         <run_address>0x12b7e</run_address>
         <size>0x36</size>
         <input_file_ref idref="fl-8b"/>
      </object_component>
      <object_component id="oc-25c">
         <name>.text</name>
         <load_address>0x12bb4</load_address>
         <run_address>0x12bb4</run_address>
         <size>0x36</size>
         <input_file_ref idref="fl-67"/>
      </object_component>
      <object_component id="oc-2bd">
         <name>.text:setAccelODR</name>
         <load_address>0x12bea</load_address>
         <run_address>0x12bea</run_address>
         <size>0x36</size>
         <input_file_ref idref="fl-2"/>
      </object_component>
      <object_component id="oc-2ab">
         <name>.text:setGyroODR</name>
         <load_address>0x12c20</load_address>
         <run_address>0x12c20</run_address>
         <size>0x36</size>
         <input_file_ref idref="fl-2"/>
      </object_component>
      <object_component id="oc-2cf">
         <name>.text:setMagODR</name>
         <load_address>0x12c56</load_address>
         <run_address>0x12c56</run_address>
         <size>0x36</size>
         <input_file_ref idref="fl-2"/>
      </object_component>
      <object_component id="oc-2b7">
         <name>.text:initAccel</name>
         <load_address>0x12c8c</load_address>
         <run_address>0x12c8c</run_address>
         <size>0x34</size>
         <input_file_ref idref="fl-2"/>
      </object_component>
      <object_component id="oc-4e7">
         <name>.text:__TI_readmsg</name>
         <load_address>0x12cc0</load_address>
         <run_address>0x12cc0</run_address>
         <size>0x32</size>
         <input_file_ref idref="fl-8b"/>
      </object_component>
      <object_component id="oc-515">
         <name>.text:strncpy</name>
         <load_address>0x12cf2</load_address>
         <run_address>0x12cf2</run_address>
         <size>0x32</size>
         <input_file_ref idref="fl-99"/>
      </object_component>
      <object_component id="oc-4d4">
         <name>.text:unlink</name>
         <load_address>0x12d24</load_address>
         <run_address>0x12d24</run_address>
         <size>0x30</size>
         <input_file_ref idref="fl-89"/>
      </object_component>
      <object_component id="oc-125">
         <name>.text:exit</name>
         <load_address>0x12d54</load_address>
         <run_address>0x12d54</run_address>
         <size>0x2e</size>
         <input_file_ref idref="fl-7c"/>
      </object_component>
      <object_component id="oc-51b">
         <name>.text:finddevice</name>
         <load_address>0x12d82</load_address>
         <run_address>0x12d82</run_address>
         <size>0x2e</size>
         <input_file_ref idref="fl-89"/>
      </object_component>
      <object_component id="oc-319">
         <name>.text:disable_chip</name>
         <load_address>0x12db0</load_address>
         <run_address>0x12db0</run_address>
         <size>0x2c</size>
         <input_file_ref idref="fl-2"/>
      </object_component>
      <object_component id="oc-313">
         <name>.text:enable_chip</name>
         <load_address>0x12ddc</load_address>
         <run_address>0x12ddc</run_address>
         <size>0x2c</size>
         <input_file_ref idref="fl-2"/>
      </object_component>
      <object_component id="oc-18f">
         <name>.text:initialize_uart</name>
         <load_address>0x12e08</load_address>
         <run_address>0x12e08</run_address>
         <size>0x2c</size>
         <input_file_ref idref="fl-3"/>
      </object_component>
      <object_component id="oc-1ae">
         <name>.text:print_uart</name>
         <load_address>0x12e34</load_address>
         <run_address>0x12e34</run_address>
         <size>0x2c</size>
         <input_file_ref idref="fl-3"/>
      </object_component>
      <object_component id="oc-12c">
         <name>.text:__mpu_init</name>
         <load_address>0x12e60</load_address>
         <run_address>0x12e60</run_address>
         <size>0x28</size>
         <input_file_ref idref="fl-7a"/>
      </object_component>
      <object_component id="oc-189">
         <name>.text:initialize_spi</name>
         <load_address>0x12e88</load_address>
         <run_address>0x12e88</run_address>
         <size>0x28</size>
         <input_file_ref idref="fl-3"/>
      </object_component>
      <object_component id="oc-9e">
         <name>.text:decompress:ZI:__TI_zero_init</name>
         <load_address>0x12eb0</load_address>
         <run_address>0x12eb0</run_address>
         <size>0x24</size>
         <input_file_ref idref="fl-5d"/>
      </object_component>
      <object_component id="oc-195">
         <name>.text:lcdInit</name>
         <load_address>0x12ed4</load_address>
         <run_address>0x12ed4</run_address>
         <size>0x24</size>
         <input_file_ref idref="fl-4"/>
      </object_component>
      <object_component id="oc-32f">
         <name>.text</name>
         <load_address>0x12ef8</load_address>
         <run_address>0x12ef8</run_address>
         <size>0x24</size>
         <input_file_ref idref="fl-68"/>
      </object_component>
      <object_component id="oc-29f">
         <name>.text:readByte</name>
         <load_address>0x12f1c</load_address>
         <run_address>0x12f1c</run_address>
         <size>0x22</size>
         <input_file_ref idref="fl-2"/>
      </object_component>
      <object_component id="oc-3fe">
         <name>.text</name>
         <load_address>0x12f3e</load_address>
         <run_address>0x12f3e</run_address>
         <size>0x22</size>
         <input_file_ref idref="fl-6f"/>
      </object_component>
      <object_component id="oc-38d">
         <name>.text:memccpy</name>
         <load_address>0x12f60</load_address>
         <run_address>0x12f60</run_address>
         <size>0x1e</size>
         <input_file_ref idref="fl-8d"/>
      </object_component>
      <object_component id="oc-50f">
         <name>.text:strchr</name>
         <load_address>0x12f7e</load_address>
         <run_address>0x12f7e</run_address>
         <size>0x1c</size>
         <input_file_ref idref="fl-95"/>
      </object_component>
      <object_component id="oc-52c">
         <name>.text:strcmp</name>
         <load_address>0x12f9a</load_address>
         <run_address>0x12f9a</run_address>
         <size>0x1c</size>
         <input_file_ref idref="fl-96"/>
      </object_component>
      <object_component id="oc-463">
         <name>.text:_div</name>
         <load_address>0x12fb6</load_address>
         <run_address>0x12fb6</run_address>
         <size>0x1a</size>
         <input_file_ref idref="fl-81"/>
      </object_component>
      <object_component id="oc-1bf">
         <name>.text:calcGyro</name>
         <load_address>0x12fd0</load_address>
         <run_address>0x12fd0</run_address>
         <size>0x1a</size>
         <input_file_ref idref="fl-2"/>
      </object_component>
      <object_component id="oc-368">
         <name>.text:memchr</name>
         <load_address>0x12fea</load_address>
         <run_address>0x12fea</run_address>
         <size>0x16</size>
         <input_file_ref idref="fl-8e"/>
      </object_component>
      <object_component id="oc-380">
         <name>.text:memset</name>
         <load_address>0x13000</load_address>
         <run_address>0x13000</run_address>
         <size>0x16</size>
         <input_file_ref idref="fl-8f"/>
      </object_component>
      <object_component id="oc-4c0">
         <name>.text</name>
         <load_address>0x13016</load_address>
         <run_address>0x13016</run_address>
         <size>0x16</size>
         <input_file_ref idref="fl-82"/>
      </object_component>
      <object_component id="oc-3d3">
         <name>.text</name>
         <load_address>0x1302c</load_address>
         <run_address>0x1302c</run_address>
         <size>0x16</size>
         <input_file_ref idref="fl-6d"/>
      </object_component>
      <object_component id="oc-e7">
         <name>.text:memcpy</name>
         <load_address>0x13042</load_address>
         <run_address>0x13042</run_address>
         <size>0x14</size>
         <input_file_ref idref="fl-7f"/>
      </object_component>
      <object_component id="oc-76">
         <name>.text:decompress:none:__TI_decompress_none</name>
         <load_address>0x13056</load_address>
         <run_address>0x13056</run_address>
         <size>0x12</size>
         <input_file_ref idref="fl-3f"/>
      </object_component>
      <object_component id="oc-4f3">
         <name>.text:strcpy</name>
         <load_address>0x13068</load_address>
         <run_address>0x13068</run_address>
         <size>0x12</size>
         <input_file_ref idref="fl-97"/>
      </object_component>
      <object_component id="oc-210">
         <name>.text:toupper</name>
         <load_address>0x1307a</load_address>
         <run_address>0x1307a</run_address>
         <size>0x12</size>
         <input_file_ref idref="fl-9a"/>
      </object_component>
      <object_component id="oc-414">
         <name>.text:l_asr</name>
         <load_address>0x1308c</load_address>
         <run_address>0x1308c</run_address>
         <size>0x10</size>
         <input_file_ref idref="fl-74"/>
      </object_component>
      <object_component id="oc-40a">
         <name>.text:l_lsl</name>
         <load_address>0x1309c</load_address>
         <run_address>0x1309c</run_address>
         <size>0x10</size>
         <input_file_ref idref="fl-73"/>
      </object_component>
      <object_component id="oc-40f">
         <name>.text:l_lsr</name>
         <load_address>0x130ac</load_address>
         <run_address>0x130ac</run_address>
         <size>0x10</size>
         <input_file_ref idref="fl-75"/>
      </object_component>
      <object_component id="oc-2ee">
         <name>.text:strlen</name>
         <load_address>0x130bc</load_address>
         <run_address>0x130bc</run_address>
         <size>0xe</size>
         <input_file_ref idref="fl-98"/>
      </object_component>
      <object_component id="oc-23b">
         <name>.text:_outc</name>
         <load_address>0x130ca</load_address>
         <run_address>0x130ca</run_address>
         <size>0x6</size>
         <input_file_ref idref="fl-80"/>
      </object_component>
      <object_component id="oc-7c">
         <name>.text:decompress:rle24:__TI_decompress_rle24</name>
         <load_address>0x130d0</load_address>
         <run_address>0x130d0</run_address>
         <size>0x6</size>
         <input_file_ref idref="fl-40"/>
      </object_component>
      <object_component id="oc-1fd">
         <name>.text:lcdOff</name>
         <load_address>0x130d6</load_address>
         <run_address>0x130d6</run_address>
         <size>0x6</size>
         <input_file_ref idref="fl-4"/>
      </object_component>
      <object_component id="oc-219">
         <name>.text:lcdOn</name>
         <load_address>0x130dc</load_address>
         <run_address>0x130dc</run_address>
         <size>0x6</size>
         <input_file_ref idref="fl-4"/>
      </object_component>
      <object_component id="oc-209">
         <name>.text:lcdSegOn</name>
         <load_address>0x130e2</load_address>
         <run_address>0x130e2</run_address>
         <size>0x6</size>
         <input_file_ref idref="fl-4"/>
      </object_component>
      <object_component id="oc-235">
         <name>.text:_outs</name>
         <load_address>0x130e8</load_address>
         <run_address>0x130e8</run_address>
         <size>0x4</size>
         <input_file_ref idref="fl-80"/>
      </object_component>
      <object_component id="oc-113">
         <name>.text:_system_pre_init</name>
         <load_address>0x130ec</load_address>
         <run_address>0x130ec</run_address>
         <size>0x4</size>
         <input_file_ref idref="fl-7b"/>
      </object_component>
      <object_component id="oc-13b">
         <name>.text:abort</name>
         <load_address>0x130f0</load_address>
         <run_address>0x130f0</run_address>
         <size>0x4</size>
         <input_file_ref idref="fl-7c"/>
      </object_component>
      <object_component id="oc-1e8">
         <name>.text:_nop</name>
         <load_address>0x130f4</load_address>
         <run_address>0x130f4</run_address>
         <size>0x2</size>
         <input_file_ref idref="fl-7e"/>
      </object_component>
      <object_component id="oc-261">
         <name>.common:gRes</name>
         <uninitialized>true</uninitialized>
         <run_address>0x1e44</run_address>
         <size>0x4</size>
      </object_component>
      <object_component id="oc-34e">
         <name>.common:aRes</name>
         <uninitialized>true</uninitialized>
         <run_address>0x1e40</run_address>
         <size>0x4</size>
      </object_component>
      <object_component id="oc-340">
         <name>.common:mRes</name>
         <uninitialized>true</uninitialized>
         <run_address>0x1e48</run_address>
         <size>0x4</size>
      </object_component>
      <object_component id="oc-28a">
         <name>.common:gScale</name>
         <uninitialized>true</uninitialized>
         <run_address>0x1e56</run_address>
         <size>0x2</size>
      </object_component>
      <object_component id="oc-28b">
         <name>.common:aScale</name>
         <uninitialized>true</uninitialized>
         <run_address>0x1e54</run_address>
         <size>0x2</size>
      </object_component>
      <object_component id="oc-28c">
         <name>.common:mScale</name>
         <uninitialized>true</uninitialized>
         <run_address>0x1e5e</run_address>
         <size>0x2</size>
      </object_component>
      <object_component id="oc-1ba">
         <name>.common:gx</name>
         <uninitialized>true</uninitialized>
         <run_address>0x1e58</run_address>
         <size>0x2</size>
      </object_component>
      <object_component id="oc-1cb">
         <name>.common:gy</name>
         <uninitialized>true</uninitialized>
         <run_address>0x1e5a</run_address>
         <size>0x2</size>
      </object_component>
      <object_component id="oc-1cc">
         <name>.common:gz</name>
         <uninitialized>true</uninitialized>
         <run_address>0x1e5c</run_address>
         <size>0x2</size>
      </object_component>
      <object_component id="oc-4d3">
         <name>.common:__TI_tmpnams</name>
         <uninitialized>true</uninitialized>
         <run_address>0x1d98</run_address>
         <size>0xa0</size>
      </object_component>
      <object_component id="oc-4de">
         <name>.common:parmbuf</name>
         <uninitialized>true</uninitialized>
         <run_address>0x1e38</run_address>
         <size>0x8</size>
      </object_component>
      <object_component id="oc-47c">
         <name>.common:sys_free</name>
         <uninitialized>true</uninitialized>
         <run_address>0x1e50</run_address>
         <size>0x4</size>
      </object_component>
      <object_component id="oc-4cb">
         <name>.common:sys_base</name>
         <uninitialized>true</uninitialized>
         <run_address>0x1e4c</run_address>
         <size>0x4</size>
      </object_component>
      <object_component id="oc-4ca">
         <name>.common:memsize</name>
         <uninitialized>true</uninitialized>
         <run_address>0x1e60</run_address>
         <size>0x2</size>
      </object_component>
      <object_component id="oc-164">
         <name>.data</name>
         <load_address>0x1d7c</load_address>
         <run_address>0x1d7c</run_address>
         <size>0x8</size>
         <input_file_ref idref="fl-3"/>
      </object_component>
      <object_component id="oc-17a">
         <name>.data:__TI_cleanup_ptr</name>
         <load_address>0x1d84</load_address>
         <run_address>0x1d84</run_address>
         <size>0x4</size>
         <input_file_ref idref="fl-7d"/>
      </object_component>
      <object_component id="oc-177">
         <name>.data:__TI_dtors_ptr</name>
         <load_address>0x1d88</load_address>
         <run_address>0x1d88</run_address>
         <size>0x4</size>
         <input_file_ref idref="fl-7d"/>
      </object_component>
      <object_component id="oc-174">
         <name>.data:_lock</name>
         <load_address>0x1d8c</load_address>
         <run_address>0x1d8c</run_address>
         <size>0x4</size>
         <input_file_ref idref="fl-7e"/>
      </object_component>
      <object_component id="oc-17d">
         <name>.data:_unlock</name>
         <load_address>0x1d90</load_address>
         <run_address>0x1d90</run_address>
         <size>0x4</size>
         <input_file_ref idref="fl-7e"/>
      </object_component>
      <object_component id="oc-232">
         <name>.data:_ftable</name>
         <load_address>0x1c00</load_address>
         <run_address>0x1c00</run_address>
         <size>0xc8</size>
         <input_file_ref idref="fl-83"/>
      </object_component>
      <object_component id="oc-48e">
         <name>.data</name>
         <load_address>0x1d94</load_address>
         <run_address>0x1d94</run_address>
         <size>0x2</size>
         <input_file_ref idref="fl-83"/>
      </object_component>
      <object_component id="oc-44f">
         <name>.data:_device</name>
         <load_address>0x1cc8</load_address>
         <run_address>0x1cc8</run_address>
         <size>0x78</size>
         <input_file_ref idref="fl-89"/>
      </object_component>
      <object_component id="oc-3d8">
         <name>.data:_stream</name>
         <load_address>0x1d40</load_address>
         <run_address>0x1d40</run_address>
         <size>0x3c</size>
         <input_file_ref idref="fl-89"/>
      </object_component>
      <object_component id="oc-47e">
         <name>.data</name>
         <load_address>0x1d96</load_address>
         <run_address>0x1d96</run_address>
         <size>0x2</size>
         <input_file_ref idref="fl-93"/>
      </object_component>
      <object_component id="oc-e0">
         <name>.stack</name>
         <uninitialized>true</uninitialized>
         <run_address>0x2360</run_address>
         <size>0x4</size>
         <input_file_ref idref="fl-76"/>
      </object_component>
      <object_component id="oc-5a4">
         <name>.stack</name>
         <uninitialized>true</uninitialized>
         <run_address>0x2360</run_address>
         <size>0x0</size>
      </object_component>
      <object_component id="oc-82">
         <name>.int27</name>
         <load_address>0xffc6</load_address>
         <run_address>0xffc6</run_address>
         <size>0x2</size>
         <input_file_ref idref="fl-41"/>
      </object_component>
      <object_component id="oc-83">
         <name>.int28</name>
         <load_address>0xffc8</load_address>
         <run_address>0xffc8</run_address>
         <size>0x2</size>
         <input_file_ref idref="fl-43"/>
      </object_component>
      <object_component id="oc-84">
         <name>.int29</name>
         <load_address>0xffca</load_address>
         <run_address>0xffca</run_address>
         <size>0x2</size>
         <input_file_ref idref="fl-44"/>
      </object_component>
      <object_component id="oc-85">
         <name>.int30</name>
         <load_address>0xffcc</load_address>
         <run_address>0xffcc</run_address>
         <size>0x2</size>
         <input_file_ref idref="fl-45"/>
      </object_component>
      <object_component id="oc-86">
         <name>.int31</name>
         <load_address>0xffce</load_address>
         <run_address>0xffce</run_address>
         <size>0x2</size>
         <input_file_ref idref="fl-46"/>
      </object_component>
      <object_component id="oc-87">
         <name>.int32</name>
         <load_address>0xffd0</load_address>
         <run_address>0xffd0</run_address>
         <size>0x2</size>
         <input_file_ref idref="fl-47"/>
      </object_component>
      <object_component id="oc-88">
         <name>.int33</name>
         <load_address>0xffd2</load_address>
         <run_address>0xffd2</run_address>
         <size>0x2</size>
         <input_file_ref idref="fl-48"/>
      </object_component>
      <object_component id="oc-89">
         <name>.int34</name>
         <load_address>0xffd4</load_address>
         <run_address>0xffd4</run_address>
         <size>0x2</size>
         <input_file_ref idref="fl-49"/>
      </object_component>
      <object_component id="oc-8a">
         <name>.int35</name>
         <load_address>0xffd6</load_address>
         <run_address>0xffd6</run_address>
         <size>0x2</size>
         <input_file_ref idref="fl-4a"/>
      </object_component>
      <object_component id="oc-8b">
         <name>.int36</name>
         <load_address>0xffd8</load_address>
         <run_address>0xffd8</run_address>
         <size>0x2</size>
         <input_file_ref idref="fl-4b"/>
      </object_component>
      <object_component id="oc-8c">
         <name>.int37</name>
         <load_address>0xffda</load_address>
         <run_address>0xffda</run_address>
         <size>0x2</size>
         <input_file_ref idref="fl-4c"/>
      </object_component>
      <object_component id="oc-8d">
         <name>.int38</name>
         <load_address>0xffdc</load_address>
         <run_address>0xffdc</run_address>
         <size>0x2</size>
         <input_file_ref idref="fl-4d"/>
      </object_component>
      <object_component id="oc-8e">
         <name>.int39</name>
         <load_address>0xffde</load_address>
         <run_address>0xffde</run_address>
         <size>0x2</size>
         <input_file_ref idref="fl-4e"/>
      </object_component>
      <object_component id="oc-8f">
         <name>.int40</name>
         <load_address>0xffe0</load_address>
         <run_address>0xffe0</run_address>
         <size>0x2</size>
         <input_file_ref idref="fl-4f"/>
      </object_component>
      <object_component id="oc-90">
         <name>.int41</name>
         <load_address>0xffe2</load_address>
         <run_address>0xffe2</run_address>
         <size>0x2</size>
         <input_file_ref idref="fl-50"/>
      </object_component>
      <object_component id="oc-91">
         <name>.int42</name>
         <load_address>0xffe4</load_address>
         <run_address>0xffe4</run_address>
         <size>0x2</size>
         <input_file_ref idref="fl-51"/>
      </object_component>
      <object_component id="oc-92">
         <name>.int43</name>
         <load_address>0xffe6</load_address>
         <run_address>0xffe6</run_address>
         <size>0x2</size>
         <input_file_ref idref="fl-52"/>
      </object_component>
      <object_component id="oc-93">
         <name>.int44</name>
         <load_address>0xffe8</load_address>
         <run_address>0xffe8</run_address>
         <size>0x2</size>
         <input_file_ref idref="fl-53"/>
      </object_component>
      <object_component id="oc-94">
         <name>.int45</name>
         <load_address>0xffea</load_address>
         <run_address>0xffea</run_address>
         <size>0x2</size>
         <input_file_ref idref="fl-54"/>
      </object_component>
      <object_component id="oc-95">
         <name>.int46</name>
         <load_address>0xffec</load_address>
         <run_address>0xffec</run_address>
         <size>0x2</size>
         <input_file_ref idref="fl-55"/>
      </object_component>
      <object_component id="oc-96">
         <name>.int47</name>
         <load_address>0xffee</load_address>
         <run_address>0xffee</run_address>
         <size>0x2</size>
         <input_file_ref idref="fl-3"/>
      </object_component>
      <object_component id="oc-97">
         <name>.int48</name>
         <load_address>0xfff0</load_address>
         <run_address>0xfff0</run_address>
         <size>0x2</size>
         <input_file_ref idref="fl-56"/>
      </object_component>
      <object_component id="oc-98">
         <name>.int49</name>
         <load_address>0xfff2</load_address>
         <run_address>0xfff2</run_address>
         <size>0x2</size>
         <input_file_ref idref="fl-57"/>
      </object_component>
      <object_component id="oc-99">
         <name>.int50</name>
         <load_address>0xfff4</load_address>
         <run_address>0xfff4</run_address>
         <size>0x2</size>
         <input_file_ref idref="fl-58"/>
      </object_component>
      <object_component id="oc-9a">
         <name>.int51</name>
         <load_address>0xfff6</load_address>
         <run_address>0xfff6</run_address>
         <size>0x2</size>
         <input_file_ref idref="fl-59"/>
      </object_component>
      <object_component id="oc-9b">
         <name>.int52</name>
         <load_address>0xfff8</load_address>
         <run_address>0xfff8</run_address>
         <size>0x2</size>
         <input_file_ref idref="fl-5a"/>
      </object_component>
      <object_component id="oc-9c">
         <name>.int53</name>
         <load_address>0xfffa</load_address>
         <run_address>0xfffa</run_address>
         <size>0x2</size>
         <input_file_ref idref="fl-5b"/>
      </object_component>
      <object_component id="oc-9d">
         <name>.int54</name>
         <load_address>0xfffc</load_address>
         <run_address>0xfffc</run_address>
         <size>0x2</size>
         <input_file_ref idref="fl-5c"/>
      </object_component>
      <object_component id="oc-e3">
         <name>.reset</name>
         <load_address>0xfffe</load_address>
         <run_address>0xfffe</run_address>
         <size>0x2</size>
         <input_file_ref idref="fl-76"/>
      </object_component>
      <object_component id="oc-1bb">
         <name>.debug_info</name>
         <load_address>0x0</load_address>
         <run_address>0x0</run_address>
         <size>0x3ad</size>
         <input_file_ref idref="fl-2"/>
      </object_component>
      <object_component id="oc-314">
         <name>.debug_info</name>
         <load_address>0x3ad</load_address>
         <run_address>0x3ad</run_address>
         <size>0x114</size>
         <input_file_ref idref="fl-2"/>
      </object_component>
      <object_component id="oc-31a">
         <name>.debug_info</name>
         <load_address>0x4c1</load_address>
         <run_address>0x4c1</run_address>
         <size>0x116</size>
         <input_file_ref idref="fl-2"/>
      </object_component>
      <object_component id="oc-28e">
         <name>.debug_info</name>
         <load_address>0x5d7</load_address>
         <run_address>0x5d7</run_address>
         <size>0xf4</size>
         <input_file_ref idref="fl-2"/>
      </object_component>
      <object_component id="oc-29a">
         <name>.debug_info</name>
         <load_address>0x6cb</load_address>
         <run_address>0x6cb</run_address>
         <size>0x16f</size>
         <input_file_ref idref="fl-2"/>
      </object_component>
      <object_component id="oc-294">
         <name>.debug_info</name>
         <load_address>0x83a</load_address>
         <run_address>0x83a</run_address>
         <size>0x147</size>
         <input_file_ref idref="fl-2"/>
      </object_component>
      <object_component id="oc-24b">
         <name>.debug_info</name>
         <load_address>0x981</load_address>
         <run_address>0x981</run_address>
         <size>0x1d9</size>
         <input_file_ref idref="fl-2"/>
      </object_component>
      <object_component id="oc-2a0">
         <name>.debug_info</name>
         <load_address>0xb5a</load_address>
         <run_address>0xb5a</run_address>
         <size>0x170</size>
         <input_file_ref idref="fl-2"/>
      </object_component>
      <object_component id="oc-352">
         <name>.debug_info</name>
         <load_address>0xcca</load_address>
         <run_address>0xcca</run_address>
         <size>0x1a6</size>
         <input_file_ref idref="fl-2"/>
      </object_component>
      <object_component id="oc-2a6">
         <name>.debug_info</name>
         <load_address>0xe70</load_address>
         <run_address>0xe70</run_address>
         <size>0x144</size>
         <input_file_ref idref="fl-2"/>
      </object_component>
      <object_component id="oc-2b8">
         <name>.debug_info</name>
         <load_address>0xfb4</load_address>
         <run_address>0xfb4</run_address>
         <size>0x136</size>
         <input_file_ref idref="fl-2"/>
      </object_component>
      <object_component id="oc-2ca">
         <name>.debug_info</name>
         <load_address>0x10ea</load_address>
         <run_address>0x10ea</run_address>
         <size>0x143</size>
         <input_file_ref idref="fl-2"/>
      </object_component>
      <object_component id="oc-1b5">
         <name>.debug_info</name>
         <load_address>0x122d</load_address>
         <run_address>0x122d</run_address>
         <size>0x1ce</size>
         <input_file_ref idref="fl-2"/>
      </object_component>
      <object_component id="oc-2ac">
         <name>.debug_info</name>
         <load_address>0x13fb</load_address>
         <run_address>0x13fb</run_address>
         <size>0x153</size>
         <input_file_ref idref="fl-2"/>
      </object_component>
      <object_component id="oc-2b2">
         <name>.debug_info</name>
         <load_address>0x154e</load_address>
         <run_address>0x154e</run_address>
         <size>0x162</size>
         <input_file_ref idref="fl-2"/>
      </object_component>
      <object_component id="oc-2be">
         <name>.debug_info</name>
         <load_address>0x16b0</load_address>
         <run_address>0x16b0</run_address>
         <size>0x155</size>
         <input_file_ref idref="fl-2"/>
      </object_component>
      <object_component id="oc-2c4">
         <name>.debug_info</name>
         <load_address>0x1805</load_address>
         <run_address>0x1805</run_address>
         <size>0x164</size>
         <input_file_ref idref="fl-2"/>
      </object_component>
      <object_component id="oc-2d0">
         <name>.debug_info</name>
         <load_address>0x1969</load_address>
         <run_address>0x1969</run_address>
         <size>0x151</size>
         <input_file_ref idref="fl-2"/>
      </object_component>
      <object_component id="oc-2d6">
         <name>.debug_info</name>
         <load_address>0x1aba</load_address>
         <run_address>0x1aba</run_address>
         <size>0x160</size>
         <input_file_ref idref="fl-2"/>
      </object_component>
      <object_component id="oc-227">
         <name>.debug_info</name>
         <load_address>0x1c1a</load_address>
         <run_address>0x1c1a</run_address>
         <size>0x2c3</size>
         <input_file_ref idref="fl-2"/>
      </object_component>
      <object_component id="oc-1c0">
         <name>.debug_info</name>
         <load_address>0x1edd</load_address>
         <run_address>0x1edd</run_address>
         <size>0x147</size>
         <input_file_ref idref="fl-2"/>
      </object_component>
      <object_component id="oc-149">
         <name>.debug_info</name>
         <load_address>0x2024</load_address>
         <run_address>0x2024</run_address>
         <size>0x84</size>
         <input_file_ref idref="fl-2"/>
      </object_component>
      <object_component id="oc-221">
         <name>.debug_info</name>
         <load_address>0x20a8</load_address>
         <run_address>0x20a8</run_address>
         <size>0x18b</size>
         <input_file_ref idref="fl-2"/>
      </object_component>
      <object_component id="oc-302">
         <name>.debug_info</name>
         <load_address>0x2233</load_address>
         <run_address>0x2233</run_address>
         <size>0x2c</size>
         <input_file_ref idref="fl-2"/>
      </object_component>
      <object_component id="oc-22d">
         <name>.debug_info</name>
         <load_address>0x225f</load_address>
         <run_address>0x225f</run_address>
         <size>0x248</size>
         <input_file_ref idref="fl-2"/>
      </object_component>
      <object_component id="oc-1bd">
         <name>.debug_info</name>
         <load_address>0x24a7</load_address>
         <run_address>0x24a7</run_address>
         <size>0x76c</size>
         <input_file_ref idref="fl-3"/>
      </object_component>
      <object_component id="oc-165">
         <name>.debug_info</name>
         <load_address>0x2c13</load_address>
         <run_address>0x2c13</run_address>
         <size>0x151</size>
         <input_file_ref idref="fl-3"/>
      </object_component>
      <object_component id="oc-184">
         <name>.debug_info</name>
         <load_address>0x2d64</load_address>
         <run_address>0x2d64</run_address>
         <size>0xfb</size>
         <input_file_ref idref="fl-3"/>
      </object_component>
      <object_component id="oc-190">
         <name>.debug_info</name>
         <load_address>0x2e5f</load_address>
         <run_address>0x2e5f</run_address>
         <size>0xf9</size>
         <input_file_ref idref="fl-3"/>
      </object_component>
      <object_component id="oc-1af">
         <name>.debug_info</name>
         <load_address>0x2f58</load_address>
         <run_address>0x2f58</run_address>
         <size>0x126</size>
         <input_file_ref idref="fl-3"/>
      </object_component>
      <object_component id="oc-18a">
         <name>.debug_info</name>
         <load_address>0x307e</load_address>
         <run_address>0x307e</run_address>
         <size>0xf7</size>
         <input_file_ref idref="fl-3"/>
      </object_component>
      <object_component id="oc-107">
         <name>.debug_info</name>
         <load_address>0x3175</load_address>
         <run_address>0x3175</run_address>
         <size>0xf2</size>
         <input_file_ref idref="fl-3"/>
      </object_component>
      <object_component id="oc-1a3">
         <name>.debug_info</name>
         <load_address>0x3267</load_address>
         <run_address>0x3267</run_address>
         <size>0x17f</size>
         <input_file_ref idref="fl-3"/>
      </object_component>
      <object_component id="oc-134">
         <name>.debug_info</name>
         <load_address>0x33e6</load_address>
         <run_address>0x33e6</run_address>
         <size>0x233</size>
         <input_file_ref idref="fl-3"/>
      </object_component>
      <object_component id="oc-220">
         <name>.debug_info</name>
         <load_address>0x3619</load_address>
         <run_address>0x3619</run_address>
         <size>0x653</size>
         <input_file_ref idref="fl-4"/>
      </object_component>
      <object_component id="oc-217">
         <name>.debug_info</name>
         <load_address>0x3c6c</load_address>
         <run_address>0x3c6c</run_address>
         <size>0xc0</size>
         <input_file_ref idref="fl-4"/>
      </object_component>
      <object_component id="oc-196">
         <name>.debug_info</name>
         <load_address>0x3d2c</load_address>
         <run_address>0x3d2c</run_address>
         <size>0x11e</size>
         <input_file_ref idref="fl-4"/>
      </object_component>
      <object_component id="oc-19d">
         <name>.debug_info</name>
         <load_address>0x3e4a</load_address>
         <run_address>0x3e4a</run_address>
         <size>0x1d2</size>
         <input_file_ref idref="fl-4"/>
      </object_component>
      <object_component id="oc-204">
         <name>.debug_info</name>
         <load_address>0x401c</load_address>
         <run_address>0x401c</run_address>
         <size>0xf6</size>
         <input_file_ref idref="fl-4"/>
      </object_component>
      <object_component id="oc-1fe">
         <name>.debug_info</name>
         <load_address>0x4112</load_address>
         <run_address>0x4112</run_address>
         <size>0xf0</size>
         <input_file_ref idref="fl-4"/>
      </object_component>
      <object_component id="oc-21a">
         <name>.debug_info</name>
         <load_address>0x4202</load_address>
         <run_address>0x4202</run_address>
         <size>0xee</size>
         <input_file_ref idref="fl-4"/>
      </object_component>
      <object_component id="oc-20a">
         <name>.debug_info</name>
         <load_address>0x42f0</load_address>
         <run_address>0x42f0</run_address>
         <size>0xf4</size>
         <input_file_ref idref="fl-4"/>
      </object_component>
      <object_component id="oc-f3">
         <name>.debug_info</name>
         <load_address>0x43e4</load_address>
         <run_address>0x43e4</run_address>
         <size>0x1a7</size>
         <input_file_ref idref="fl-3f"/>
      </object_component>
      <object_component id="oc-77">
         <name>.debug_info</name>
         <load_address>0x458b</load_address>
         <run_address>0x458b</run_address>
[...]
         <object_component_ref idref="oc-9d"/>
      </symbol>
      <symbol id="sm-806">
         <name>__TI_zero_init</name>
         <value>0x12eb0</value>
         <object_component_ref idref="oc-9e"/>
      </symbol>
      <symbol id="sm-82d">
         <name>__mspabi_addd</name>
         <value>0x10736</value>
         <object_component_ref idref="oc-342"/>
      </symbol>
      <symbol id="sm-84e">
         <name>__TI_frcaddd</name>
         <value>0x10c90</value>
         <object_component_ref idref="oc-3b0"/>
      </symbol>
      <symbol id="sm-862">
         <name>__TI_renormd</name>
         <value>0x11a60</value>
         <object_component_ref idref="oc-419"/>
      </symbol>
      <symbol id="sm-87c">
         <name>__mspabi_cmpd</name>
         <value>0x1167c</value>
         <object_component_ref idref="oc-250"/>
      </symbol>
      <symbol id="sm-894">
         <name>__mspabi_cvtdf</name>
         <value>0x11e9a</value>
         <object_component_ref idref="oc-33a"/>
      </symbol>
      <symbol id="sm-8a2">
         <name>__mspabi_cvtfd</name>
         <value>0x12446</value>
         <object_component_ref idref="oc-1c5"/>
      </symbol>
      <symbol id="sm-8c3">
         <name>__mspabi_divd</name>
         <value>0x10ee2</value>
         <object_component_ref idref="oc-334"/>
      </symbol>
      <symbol id="sm-8de">
         <name>__TI_frcdivd</name>
         <value>0x10000</value>
         <object_component_ref idref="oc-3a1"/>
      </symbol>
      <symbol id="sm-8f3">
         <name>__mspabi_fltif</name>
         <value>0x12bb4</value>
         <object_component_ref idref="oc-25c"/>
      </symbol>
      <symbol id="sm-903">
         <name>__mspabi_fltuf</name>
         <value>0x12ef8</value>
         <object_component_ref idref="oc-32f"/>
      </symbol>
      <symbol id="sm-923">
         <name>__mspabi_mpyd</name>
         <value>0x10a0e</value>
         <object_component_ref idref="oc-348"/>
      </symbol>
      <symbol id="sm-934">
         <name>__TI_frcmpyd</name>
         <value>0x10452</value>
         <object_component_ref idref="oc-3b8"/>
      </symbol>
      <symbol id="sm-95a">
         <name>__mspabi_mpyf</name>
         <value>0x119aa</value>
         <object_component_ref idref="oc-262"/>
      </symbol>
      <symbol id="sm-968">
         <name>__mspabi_mpyi_f5hw</name>
         <value>0x1302c</value>
         <object_component_ref idref="oc-3d3"/>
      </symbol>
      <symbol id="sm-97b">
         <name>__mspabi_mpyl_f5hw</name>
         <value>0x12f3e</value>
         <object_component_ref idref="oc-3fe"/>
      </symbol>
      <symbol id="sm-9af">
         <name>__mspabi_slll_9</name>
         <value>0x12976</value>
         <object_component_ref idref="oc-3a9"/>
      </symbol>
      <symbol id="sm-9b0">
         <name>__mspabi_slll_8</name>
         <value>0x1297a</value>
         <object_component_ref idref="oc-3a9"/>
      </symbol>
      <symbol id="sm-9b1">
         <name>__mspabi_slll_7</name>
         <value>0x1297e</value>
         <object_component_ref idref="oc-3a9"/>
      </symbol>
      <symbol id="sm-9b2">
         <name>__mspabi_slll_6</name>
         <value>0x12982</value>
         <object_component_ref idref="oc-3a9"/>
      </symbol>
      <symbol id="sm-9b3">
         <name>__mspabi_slll_5</name>
         <value>0x12986</value>
         <object_component_ref idref="oc-3a9"/>
      </symbol>
      <symbol id="sm-9b4">
         <name>__mspabi_slll_4</name>
         <value>0x1298a</value>
         <object_component_ref idref="oc-3a9"/>
      </symbol>
      <symbol id="sm-9b5">
         <name>__mspabi_slll_3</name>
         <value>0x1298e</value>
         <object_component_ref idref="oc-3a9"/>
      </symbol>
      <symbol id="sm-9b6">
         <name>__mspabi_slll_2</name>
         <value>0x12992</value>
         <object_component_ref idref="oc-3a9"/>
      </symbol>
      <symbol id="sm-9b7">
         <name>__mspabi_slll_1</name>
         <value>0x12996</value>
         <object_component_ref idref="oc-3a9"/>
      </symbol>
      <symbol id="sm-9b8">
         <name>__mspabi_slll</name>
         <value>0x1309c</value>
         <object_component_ref idref="oc-40a"/>
      </symbol>
      <symbol id="sm-9b9">
         <name>__mspabi_slll_15</name>
         <value>0x1295e</value>
         <object_component_ref idref="oc-3a9"/>
      </symbol>
      <symbol id="sm-9ba">
         <name>__mspabi_slll_14</name>
         <value>0x12962</value>
         <object_component_ref idref="oc-3a9"/>
      </symbol>
      <symbol id="sm-9bb">
         <name>__mspabi_slll_13</name>
         <value>0x12966</value>
         <object_component_ref idref="oc-3a9"/>
      </symbol>
      <symbol id="sm-9bc">
         <name>__mspabi_slll_12</name>
         <value>0x1296a</value>
         <object_component_ref idref="oc-3a9"/>
      </symbol>
      <symbol id="sm-9bd">
         <name>__mspabi_slll_11</name>
         <value>0x1296e</value>
         <object_component_ref idref="oc-3a9"/>
      </symbol>
      <symbol id="sm-9be">
         <name>__mspabi_slll_10</name>
         <value>0x12972</value>
         <object_component_ref idref="oc-3a9"/>
      </symbol>
      <symbol id="sm-9ce">
         <name>__mspabi_sral</name>
         <value>0x1308c</value>
         <object_component_ref idref="oc-414"/>
      </symbol>
      <symbol id="sm-9cf">
         <name>__mspabi_sral_15</name>
         <value>0x12920</value>
         <object_component_ref idref="oc-268"/>
      </symbol>
      <symbol id="sm-9d0">
         <name>__mspabi_sral_14</name>
         <value>0x12924</value>
         <object_component_ref idref="oc-268"/>
      </symbol>
      <symbol id="sm-9d1">
         <name>__mspabi_sral_13</name>
         <value>0x12928</value>
         <object_component_ref idref="oc-268"/>
      </symbol>
      <symbol id="sm-9d2">
         <name>__mspabi_sral_12</name>
         <value>0x1292c</value>
         <object_component_ref idref="oc-268"/>
      </symbol>
      <symbol id="sm-9d3">
         <name>__mspabi_sral_11</name>
         <value>0x12930</value>
         <object_component_ref idref="oc-268"/>
      </symbol>
      <symbol id="sm-9d4">
         <name>__mspabi_sral_10</name>
         <value>0x12934</value>
         <object_component_ref idref="oc-268"/>
      </symbol>
      <symbol id="sm-9d5">
         <name>__mspabi_sral_8</name>
         <value>0x1293c</value>
         <object_component_ref idref="oc-268"/>
      </symbol>
      <symbol id="sm-9d6">
         <name>__mspabi_sral_9</name>
         <value>0x12938</value>
         <object_component_ref idref="oc-268"/>
      </symbol>
      <symbol id="sm-9d7">
         <name>__mspabi_sral_6</name>
         <value>0x12944</value>
         <object_component_ref idref="oc-268"/>
      </symbol>
      <symbol id="sm-9d8">
         <name>__mspabi_sral_7</name>
         <value>0x12940</value>
         <object_component_ref idref="oc-268"/>
      </symbol>
      <symbol id="sm-9d9">
         <name>__mspabi_sral_4</name>
         <value>0x1294c</value>
         <object_component_ref idref="oc-268"/>
      </symbol>
      <symbol id="sm-9da">
         <name>__mspabi_sral_5</name>
         <value>0x12948</value>
         <object_component_ref idref="oc-268"/>
      </symbol>
      <symbol id="sm-9db">
         <name>__mspabi_sral_2</name>
         <value>0x12954</value>
         <object_component_ref idref="oc-268"/>
      </symbol>
      <symbol id="sm-9dc">
         <name>__mspabi_sral_3</name>
         <value>0x12950</value>
         <object_component_ref idref="oc-268"/>
      </symbol>
      <symbol id="sm-9dd">
         <name>__mspabi_sral_1</name>
         <value>0x12958</value>
         <object_component_ref idref="oc-268"/>
      </symbol>
      <symbol id="sm-9ed">
         <name>__mspabi_srll_8</name>
         <value>0x129b8</value>
         <object_component_ref idref="oc-3f9"/>
      </symbol>
      <symbol id="sm-9ee">
         <name>__mspabi_srll_9</name>
         <value>0x129b4</value>
         <object_component_ref idref="oc-3f9"/>
      </symbol>
      <symbol id="sm-9ef">
         <name>__mspabi_srll_6</name>
         <value>0x129c0</value>
         <object_component_ref idref="oc-3f9"/>
      </symbol>
      <symbol id="sm-9f0">
         <name>__mspabi_srll_7</name>
         <value>0x129bc</value>
         <object_component_ref idref="oc-3f9"/>
      </symbol>
      <symbol id="sm-9f1">
         <name>__mspabi_srll_4</name>
         <value>0x129c8</value>
         <object_component_ref idref="oc-3f9"/>
      </symbol>
      <symbol id="sm-9f2">
         <name>__mspabi_srll_5</name>
         <value>0x129c4</value>
         <object_component_ref idref="oc-3f9"/>
      </symbol>
      <symbol id="sm-9f3">
         <name>__mspabi_srll_2</name>
         <value>0x129d0</value>
         <object_component_ref idref="oc-3f9"/>
      </symbol>
      <symbol id="sm-9f4">
         <name>__mspabi_srll_3</name>
         <value>0x129cc</value>
         <object_component_ref idref="oc-3f9"/>
      </symbol>
      <symbol id="sm-9f5">
         <name>__mspabi_srll_1</name>
         <value>0x129d4</value>
         <object_component_ref idref="oc-3f9"/>
      </symbol>
      <symbol id="sm-9f6">
         <name>__mspabi_srll_15</name>
         <value>0x1299c</value>
         <object_component_ref idref="oc-3f9"/>
      </symbol>
      <symbol id="sm-9f7">
         <name>__mspabi_srll_14</name>
         <value>0x129a0</value>
         <object_component_ref idref="oc-3f9"/>
      </symbol>
      <symbol id="sm-9f8">
         <name>__mspabi_srll_13</name>
         <value>0x129a4</value>
         <object_component_ref idref="oc-3f9"/>
      </symbol>
      <symbol id="sm-9f9">
         <name>__mspabi_srll_12</name>
         <value>0x129a8</value>
         <object_component_ref idref="oc-3f9"/>
      </symbol>
      <symbol id="sm-9fa">
         <name>__mspabi_srll_11</name>
         <value>0x129ac</value>
         <object_component_ref idref="oc-3f9"/>
      </symbol>
      <symbol id="sm-9fb">
         <name>__mspabi_srll_10</name>
         <value>0x129b0</value>
         <object_component_ref idref="oc-3f9"/>
      </symbol>
      <symbol id="sm-9fc">
         <name>__mspabi_srll</name>
         <value>0x130ac</value>
         <object_component_ref idref="oc-40f"/>
      </symbol>
      <symbol id="sm-a05">
         <name>_stack</name>
         <value>0x2360</value>
         <object_component_ref idref="oc-e0"/>
      </symbol>
      <symbol id="sm-a06">
         <name>_reset_vector</name>
         <value>0xfffe</value>
         <object_component_ref idref="oc-e3"/>
      </symbol>
      <symbol id="sm-a24">
         <name>_auto_init_hold_wdt</name>
         <value>0x12168</value>
         <object_component_ref idref="oc-119"/>
      </symbol>
      <symbol id="sm-a2f">
         <name>_c_int00_noargs_mpu</name>
         <value>0x4864</value>
         <object_component_ref idref="oc-b6"/>
      </symbol>
      <symbol id="sm-a38">
         <name>__mpu_init</name>
         <value>0x12e60</value>
         <object_component_ref idref="oc-12c"/>
      </symbol>
      <symbol id="sm-a41">
         <name>_system_pre_init</name>
         <value>0x130ec</value>
         <object_component_ref idref="oc-113"/>
      </symbol>
      <symbol id="sm-a58">
         <name>C$$EXIT</name>
         <value>0x130f0</value>
         <object_component_ref idref="oc-13b"/>
      </symbol>
      <symbol id="sm-a59">
         <name>abort</name>
         <value>0x130f0</value>
         <object_component_ref idref="oc-13b"/>
      </symbol>
      <symbol id="sm-a5a">
         <name>exit</name>
         <value>0x12d54</value>
         <object_component_ref idref="oc-125"/>
      </symbol>
      <symbol id="sm-a69">
         <name>__TI_dtors_ptr</name>
         <value>0x1d88</value>
         <object_component_ref idref="oc-177"/>
      </symbol>
      <symbol id="sm-a6a">
         <name>__TI_cleanup_ptr</name>
         <value>0x1d84</value>
         <object_component_ref idref="oc-17a"/>
      </symbol>
      <symbol id="sm-a80">
         <name>_nop</name>
         <value>0x130f4</value>
         <object_component_ref idref="oc-1e8"/>
      </symbol>
      <symbol id="sm-a81">
         <name>_lock</name>
         <value>0x1d8c</value>
         <object_component_ref idref="oc-174"/>
      </symbol>
      <symbol id="sm-a82">
         <name>_unlock</name>
         <value>0x1d90</value>
         <object_component_ref idref="oc-17d"/>
      </symbol>
      <symbol id="sm-a95">
         <name>memcpy</name>
         <value>0x13042</value>
         <object_component_ref idref="oc-e7"/>
      </symbol>
      <symbol id="sm-ab8">
         <name>printf</name>
         <value>0x12700</value>
         <object_component_ref idref="oc-1a8"/>
      </symbol>
      <symbol id="sm-b25">
         <name>__TI_printfi_minimal</name>
         <value>0x11754</value>
         <object_component_ref idref="oc-241"/>
      </symbol>
      <symbol id="sm-b2f">
         <name>__mspabi_remu</name>
         <value>0x13016</value>
         <object_component_ref idref="oc-4c0"/>
      </symbol>
      <symbol id="sm-b30">
         <name>__mspabi_divu</name>
         <value>0x13016</value>
         <object_component_ref idref="oc-4c0"/>
      </symbol>
      <symbol id="sm-b40">
         <name>__TI_tmpnams</name>
         <value>0x1d98</value>
      </symbol>
      <symbol id="sm-b41">
         <name>_ftable</name>
         <value>0x1c00</value>
         <object_component_ref idref="oc-232"/>
      </symbol>
      <symbol id="sm-b42">
         <name>__TI_ft_end</name>
         <value>0x1d94</value>
         <object_component_ref idref="oc-48e"/>
      </symbol>
      <symbol id="sm-b55">
         <name>putc</name>
         <value>0x11d7c</value>
         <object_component_ref idref="oc-2e7"/>
      </symbol>
      <symbol id="sm-b56">
         <name>fputc</name>
         <value>0x11d7c</value>
         <object_component_ref idref="oc-2e7"/>
      </symbol>
      <symbol id="sm-b67">
         <name>__TI_doflush</name>
         <value>0x123e2</value>
         <object_component_ref idref="oc-36e"/>
      </symbol>
      <symbol id="sm-b7f">
         <name>__TI_wrt_ok</name>
         <value>0x11f26</value>
         <object_component_ref idref="oc-362"/>
      </symbol>
      <symbol id="sm-b97">
         <name>fputs</name>
         <value>0x114ac</value>
         <object_component_ref idref="oc-2e0"/>
      </symbol>
      <symbol id="sm-bac">
         <name>fseek</name>
         <value>0x1223e</value>
         <object_component_ref idref="oc-3c1"/>
      </symbol>
      <symbol id="sm-bff">
         <name>lseek</name>
         <value>0x129da</value>
         <object_component_ref idref="oc-427"/>
      </symbol>
      <symbol id="sm-c00">
         <name>write</name>
         <value>0x12ad2</value>
         <object_component_ref idref="oc-374"/>
      </symbol>
      <symbol id="sm-c01">
         <name>close</name>
         <value>0x12560</value>
         <object_component_ref idref="oc-4cd"/>
      </symbol>
      <symbol id="sm-c02">
         <name>unlink</name>
         <value>0x12d24</value>
         <object_component_ref idref="oc-4d4"/>
      </symbol>
      <symbol id="sm-c3d">
         <name>HOSTrename</name>
         <value>0x11fa4</value>
         <object_component_ref idref="oc-4b8"/>
      </symbol>
      <symbol id="sm-c3e">
         <name>HOSTclose</name>
         <value>0x12668</value>
         <object_component_ref idref="oc-49a"/>
      </symbol>
      <symbol id="sm-c3f">
         <name>HOSTunlink</name>
         <value>0x127da</value>
         <object_component_ref idref="oc-4b2"/>
      </symbol>
      <symbol id="sm-c40">
         <name>HOSTlseek</name>
         <value>0x11bb4</value>
         <object_component_ref idref="oc-4ac"/>
      </symbol>
      <symbol id="sm-c41">
         <name>HOSTopen</name>
         <value>0x120fa</value>
         <object_component_ref idref="oc-494"/>
      </symbol>
      <symbol id="sm-c42">
         <name>HOSTwrite</name>
         <value>0x121d4</value>
         <object_component_ref idref="oc-4a6"/>
      </symbol>
      <symbol id="sm-c43">
         <name>HOSTread</name>
         <value>0x12312</value>
         <object_component_ref idref="oc-4a0"/>
      </symbol>
      <symbol id="sm-c61">
         <name>__TI_readmsg</name>
         <value>0x12cc0</value>
         <object_component_ref idref="oc-4e7"/>
      </symbol>
      <symbol id="sm-c62">
         <name>C$$IO$$</name>
         <value>0x12bb0</value>
         <object_component_ref idref="oc-4e1"/>
      </symbol>
      <symbol id="sm-c63">
         <name>_CIOBUF_</name>
         <value>0x4400</value>
         <object_component_ref idref="oc-507"/>
      </symbol>
      <symbol id="sm-c64">
         <name>__TI_writemsg</name>
         <value>0x12b7e</value>
         <object_component_ref idref="oc-4e1"/>
      </symbol>
      <symbol id="sm-c74">
         <name>memccpy</name>
         <value>0x12f60</value>
         <object_component_ref idref="oc-38d"/>
      </symbol>
      <symbol id="sm-c83">
         <name>memchr</name>
         <value>0x12fea</value>
         <object_component_ref idref="oc-368"/>
      </symbol>
      <symbol id="sm-c91">
         <name>memset</name>
         <value>0x13000</value>
         <object_component_ref idref="oc-380"/>
      </symbol>
      <symbol id="sm-ca9">
         <name>setvbuf</name>
         <value>0x1159c</value>
         <object_component_ref idref="oc-3c7"/>
      </symbol>
      <symbol id="sm-cb5">
         <name>__TI_cleanup</name>
         <value>0x12b48</value>
         <object_component_ref idref="oc-43b"/>
      </symbol>
      <symbol id="sm-cc6">
         <name>__TI_closefile</name>
         <value>0x1208a</value>
         <object_component_ref idref="oc-488"/>
      </symbol>
      <symbol id="sm-d11">
         <name>_sys_memory</name>
         <value>0x4520</value>
         <object_component_ref idref="oc-e4"/>
      </symbol>
      <symbol id="sm-d12">
         <name>free</name>
         <value>0x11e0c</value>
         <object_component_ref idref="oc-42f"/>
      </symbol>
      <symbol id="sm-d13">
         <name>malloc</name>
         <value>0x118f0</value>
         <object_component_ref idref="oc-435"/>
      </symbol>
      <symbol id="sm-d14">
         <name>minit</name>
         <value>0x12820</value>
         <object_component_ref idref="oc-481"/>
      </symbol>
      <symbol id="sm-d24">
         <name>strchr</name>
         <value>0x12f7e</value>
         <object_component_ref idref="oc-50f"/>
      </symbol>
      <symbol id="sm-d32">
         <name>strcmp</name>
         <value>0x12f9a</value>
         <object_component_ref idref="oc-52c"/>
      </symbol>
      <symbol id="sm-d3f">
         <name>strcpy</name>
         <value>0x13068</value>
         <object_component_ref idref="oc-4f3"/>
      </symbol>
      <symbol id="sm-d4c">
         <name>strlen</name>
         <value>0x130bc</value>
         <object_component_ref idref="oc-2ee"/>
      </symbol>
      <symbol id="sm-d5c">
         <name>strncpy</name>
         <value>0x12cf2</value>
         <object_component_ref idref="oc-515"/>
      </symbol>
      <symbol id="sm-d69">
         <name>toupper</name>
         <value>0x1307a</value>
         <object_component_ref idref="oc-210"/>
      </symbol>
      <symbol id="sm-d73">
         <name>_ctypes_</name>
         <value>0x488a</value>
         <object_component_ref idref="oc-280"/>
      </symbol>
      <symbol id="sm-d78">
         <name>__TI_INITARRAY_Base</name>
         <value>0x0</value>
      </symbol>
      <symbol id="sm-d79">
         <name>__TI_INITARRAY_Limit</name>
         <value>0x0</value>
      </symbol>
      <symbol id="sm-d7a">
         <name>remove</name>
         <value>0x12d24</value>
      </symbol>
   </symbol_table>
   <title>Link successful</title>
</link_info>
